\BOOKMARK [0][-]{chapter.1}{\376\377\000E\000v\000o\000l\000a\000'\000s\000\040\000T\000o\000o\000l\000s\000\040\000o\000f\000\040\000t\000h\000e\000\040\000O\000c\000c\000u\000l\000t\000\040\000W\000a\000r}{}% 1
\BOOKMARK [1][-]{section.1.1}{\376\377\000T\000a\000c\000t\000i\000c\000s\000\040\000o\000f\000\040\000t\000h\000e\000\040\000O\000c\000c\000u\000l\000t\000\040\000W\000a\000r}{chapter.1}% 2
\BOOKMARK [1][-]{section.1.2}{\376\377\000T\000h\000e\000\040\000T\000o\000o\000l\000s\000\040\000o\000f\000\040\000t\000h\000e\000\040\000O\000c\000c\000u\000l\000t\000\040\000W\000a\000r}{chapter.1}% 3
\BOOKMARK [0][-]{chapter.2}{\376\377\000E\000v\000o\000l\000a\000'\000s\000\040\000S\000h\000o\000r\000t\000\040\000A\000r\000t\000i\000c\000l\000e\000s}{}% 4
\BOOKMARK [1][-]{section.2.1}{\376\377\000E\000v\000o\000l\000a\000\040\000a\000n\000d\000\040\000G\000u\000e\000n\000o\000n}{chapter.2}% 5
\BOOKMARK [1][-]{section.2.2}{\376\377\000E\000v\000o\000l\000a\000\040\000o\000n\000\040\000C\000h\000r\000i\000s\000t\000i\000a\000n\000i\000t\000y\000\040\000i\000n\000\040\000E\000u\000r\000o\000p\000e}{chapter.2}% 6
\BOOKMARK [1][-]{section.2.3}{\376\377\000E\000v\000o\000l\000a\000\040\000o\000n\000\040\000p\000o\000l\000i\000t\000i\000c\000s\000,\000\040\000m\000o\000r\000a\000l\000s\000,\000\040\000p\000h\000i\000l\000o\000s\000o\000p\000h\000y}{chapter.2}% 7
\BOOKMARK [1][-]{section.2.4}{\376\377\000T\000h\000e\000\040\000S\000c\000i\000e\000n\000c\000e\000\040\000a\000n\000d\000\040\000t\000e\000c\000h\000n\000o\000l\000o\000g\000y\000\040\000Q\000u\000e\000s\000t\000i\000o\000n}{chapter.2}% 8
\BOOKMARK [1][-]{section.2.5}{\376\377\000T\000h\000e\000\040\000E\000u\000r\000o\000p\000e\000a\000n\000\040\000E\000m\000p\000i\000r\000e}{chapter.2}% 9
\BOOKMARK [1][-]{section.2.6}{\376\377\000E\000v\000o\000l\000a\000\040\000o\000n\000\040\000S\000p\000a\000n\000i\000s\000h\000\040\000F\000a\000l\000a\000n\000g\000i\000s\000m}{chapter.2}% 10
\BOOKMARK [1][-]{section.2.7}{\376\377\000C\000h\000r\000i\000s\000t\000m\000a\000s\000\040\000a\000n\000d\000\040\000t\000h\000e\000\040\000W\000i\000n\000t\000e\000r\000\040\000S\000o\000l\000s\000t\000i\000c\000e}{chapter.2}% 11
\BOOKMARK [1][-]{section.2.8}{\376\377\000A\000z\000t\000e\000c\000s\000\040\000a\000n\000d\000\040\000H\000u\000m\000a\000n\000\040\000S\000a\000c\000r\000i\000f\000i\000c\000e}{chapter.2}% 12
\BOOKMARK [1][-]{section.2.9}{\376\377\000G\000e\000r\000m\000a\000n\000i\000c\000\040\000R\000o\000m\000e}{chapter.2}% 13
\BOOKMARK [1][-]{section.2.10}{\376\377\000T\000h\000e\000\040\000F\000u\000t\000u\000r\000e\000\040\000O\000r\000d\000e\000r\000\040\000o\000f\000\040\000N\000a\000t\000i\000o\000n\000s}{chapter.2}% 14
\BOOKMARK [1][-]{section.2.11}{\376\377\000C\000o\000o\000m\000a\000r\000a\000s\000w\000a\000m\000y\000\040\000o\000n\000\040\000E\000v\000o\000l\000a\040\031\000s\000\040\000R\000e\000v\000o\000l\000t}{chapter.2}% 15
\BOOKMARK [1][-]{section.2.12}{\376\377\000T\000h\000e\000\040\000M\000o\000d\000e\000r\000n\000i\000t\000y\000\040\000o\000f\000\040\000H\000o\000b\000b\000e\000s}{chapter.2}% 16
\BOOKMARK [1][-]{section.2.13}{\376\377\000T\000o\000\040\000B\000e\000\040\000o\000f\000\040\000t\000h\000e\000\040\000R\000i\000g\000h\000t}{chapter.2}% 17
\BOOKMARK [1][-]{section.2.14}{\376\377\000H\000i\000s\000t\000o\000r\000i\000o\000g\000r\000a\000p\000h\000y\000\040\000o\000f\000\040\000t\000h\000e\000\040\000R\000i\000g\000h\000t}{chapter.2}% 18
\BOOKMARK [1][-]{section.2.15}{\376\377\000T\000h\000e\000\040\000D\000e\000f\000e\000a\000t\000\040\000a\000n\000d\000\040\000t\000h\000e\000\040\000F\000u\000t\000u\000r\000e\000\040\000o\000f\000\040\000F\000r\000a\000n\000c\000e}{chapter.2}% 19
\BOOKMARK [1][-]{section.2.16}{\376\377\000M\000o\000h\000a\000m\000m\000e\000d\000\040\000a\000n\000d\000\040\000C\000h\000a\000r\000l\000e\000m\000a\000g\000n\000e}{chapter.2}% 20
\BOOKMARK [0][-]{chapter.3}{\376\377\000E\000x\000c\000e\000r\000p\000t\000s\000\040\000f\000r\000o\000m\000\040\000S\000i\000n\000t\000e\000s\000i\000\040\000d\000i\000\040\000d\000o\000t\000t\000r\000i\000n\000a\000\040\000d\000e\000l\000l\000a\000\040\000r\000a\000z\000z\000a}{}% 21
\BOOKMARK [1][-]{section.3.1}{\376\377\000A\000g\000a\000i\000n\000s\000t\000\040\000t\000h\000e\000\040\000N\000e\000o\000p\000a\000g\000a\000n\000s}{chapter.3}% 22
\BOOKMARK [1][-]{section.3.2}{\376\377\000T\000h\000e\000\040\000M\000i\000s\000u\000n\000d\000e\000r\000s\000t\000a\000n\000d\000i\000n\000g\000\040\000o\000f\000\040\000P\000a\000g\000a\000n\000i\000s\000m}{chapter.3}% 23
\BOOKMARK [1][-]{section.3.3}{\376\377\000F\000u\000r\000t\000h\000e\000r\000\040\000M\000i\000s\000u\000n\000d\000e\000r\000s\000t\000a\000n\000d\000i\000n\000g\000s\000\040\000o\000f\000\040\000t\000h\000e\000\040\000P\000a\000g\000a\000n\000\040\000W\000o\000r\000l\000d\000v\000i\000e\000w}{chapter.3}% 24
\BOOKMARK [1][-]{section.3.4}{\376\377\000O\000b\000j\000e\000c\000t\000i\000v\000e\000\040\000a\000n\000d\000\040\000I\000m\000p\000e\000r\000s\000o\000n\000a\000l\000\040\000K\000n\000o\000w\000l\000e\000d\000g\000e}{chapter.3}% 25
\BOOKMARK [1][-]{section.3.5}{\376\377\000G\000r\000e\000a\000t\000e\000r\000\040\000a\000n\000d\000\040\000L\000e\000s\000s\000e\000r\000\040\000B\000a\000t\000t\000l\000e}{chapter.3}% 26
\BOOKMARK [1][-]{section.3.6}{\376\377\000R\000a\000c\000e\000\040\000a\000n\000d\000\040\000D\000e\000a\000t\000h}{chapter.3}% 27
\BOOKMARK [1][-]{section.3.7}{\376\377\000T\000h\000e\000\040\000M\000y\000s\000t\000e\000r\000y\000\040\000o\000f\000\040\000B\000i\000r\000t\000h}{chapter.3}% 28
\BOOKMARK [1][-]{section.3.8}{\376\377\000M\000e\000n\000\040\000o\000f\000\040\000D\000e\000s\000t\000i\000n\000y}{chapter.3}% 29
\BOOKMARK [1][-]{section.3.9}{\376\377\000T\000h\000e\000\040\000D\000e\000m\000o\000n\000i\000c\000\040\000E\000l\000e\000m\000e\000n\000t\000\040\000i\000n\000\040\000t\000h\000e\000\040\000A\000n\000t\000i\000-\000R\000a\000c\000e}{chapter.3}% 30
\BOOKMARK [1][-]{section.3.10}{\376\377\000T\000h\000e\000\040\000S\000o\000l\000a\000r\000\040\000a\000n\000d\000\040\000t\000h\000e\000\040\000D\000e\000m\000e\000t\000r\000i\000a\000n\000\040\000R\000a\000c\000e\000s}{chapter.3}% 31
\BOOKMARK [1][-]{section.3.11}{\376\377\000R\000a\000c\000e\000\040\000a\000n\000d\000\040\000D\000e\000a\000t\000h}{chapter.3}% 32
\BOOKMARK [1][-]{section.3.12}{\376\377\000T\000h\000e\000\040\000G\000r\000o\000u\000p\000\040\000o\000f\000\040\000A\000r\000y\000a\000n\000\040\000R\000a\000c\000e\000s}{chapter.3}% 33
\BOOKMARK [1][-]{section.3.13}{\376\377\000T\000h\000e\000\040\000S\000e\000x\000e\000s\000\040\000a\000n\000d\000\040\000R\000a\000c\000e}{chapter.3}% 34
\BOOKMARK [1][-]{section.3.14}{\376\377\000T\000h\000e\000\040\000M\000a\000s\000c\000u\000l\000i\000n\000e\000\040\000a\000n\000d\000\040\000F\000e\000m\000i\000n\000i\000n\000e\000\040\000R\000a\000c\000e\000s}{chapter.3}% 35
\BOOKMARK [1][-]{section.3.15}{\376\377\000R\000a\000c\000e\000\040\000o\000f\000\040\000t\000h\000e\000\040\000S\000o\000u\000l}{chapter.3}% 36
\BOOKMARK [1][-]{section.3.16}{\376\377\000O\000r\000i\000g\000i\000n\000\040\000o\000f\000\040\000t\000h\000e\000\040\000R\000a\000c\000e\000\040\000o\000f\000\040\000t\000h\000e\000\040\000S\000o\000u\000l}{chapter.3}% 37
\BOOKMARK [1][-]{section.3.17}{\376\377\000T\000h\000e\000\040\000E\000t\000e\000r\000n\000a\000l\000\040\000R\000a\000c\000e}{chapter.3}% 38
\BOOKMARK [1][-]{section.3.18}{\376\377\000F\000i\000r\000e\000\040\000a\000n\000d\000\040\000I\000c\000e\000:\000\040\000T\000h\000e\000\040\000S\000o\000l\000a\000r\000\040\000R\000a\000c\000e}{chapter.3}% 39
\BOOKMARK [1][-]{section.3.19}{\376\377\000S\000h\000a\000d\000o\000w\000s\000\040\000a\000n\000d\000\040\000R\000e\000f\000l\000e\000c\000t\000i\000o\000n\000s\000:\000\040\000T\000h\000e\000\040\000L\000u\000n\000a\000r\000\040\000R\000a\000c\000e}{chapter.3}% 40
\BOOKMARK [1][-]{section.3.20}{\376\377\000T\000h\000e\000\040\000D\000e\000m\000e\000t\000r\000i\000a\000n\000\040\000R\000a\000c\000e}{chapter.3}% 41
\BOOKMARK [1][-]{section.3.21}{\376\377\000I\000m\000p\000u\000l\000s\000e\000\040\000a\000n\000d\000\040\000I\000n\000s\000t\000i\000n\000c\000t\000:\000\040\000T\000h\000e\000\040\000E\000a\000r\000t\000h\000\040\000R\000a\000c\000e}{chapter.3}% 42
\BOOKMARK [1][-]{section.3.22}{\376\377\000T\000h\000e\000\040\000T\000e\000l\000l\000u\000r\000i\000c\000\040\000R\000a\000c\000e}{chapter.3}% 43
\BOOKMARK [1][-]{section.3.23}{\376\377\000C\000i\000v\000i\000l\000i\000z\000a\000t\000i\000o\000n\000s\000\040\000o\000f\000\040\000S\000p\000a\000c\000e\000\040\000a\000n\000d\000\040\000C\000i\000v\000i\000l\000i\000z\000a\000t\000i\000o\000n\000s\000\040\000o\000f\000\040\000T\000i\000m\000e}{chapter.3}% 44
\BOOKMARK [0][-]{chapter.4}{\376\377\000G\000u\000i\000d\000o\000\040\000d\000e\000\040\000G\000i\000o\000r\000g\000i\000o}{}% 45
\BOOKMARK [1][-]{section.4.1}{\376\377\000A\000n\000\040\000I\000n\000t\000r\000o\000d\000u\000c\000t\000i\000o\000n\000\040\000t\000o\000\040\000G\000u\000i\000d\000o\000\040\000d\000e\000\040\000G\000i\000o\000r\000g\000i\000o}{chapter.4}% 46
\BOOKMARK [1][-]{section.4.2}{\376\377\000T\000h\000e\000\040\000C\000o\000n\000s\000t\000i\000t\000u\000t\000i\000o\000n\000\040\000o\000f\000\040\000a\000\040\000T\000r\000a\000d\000i\000t\000i\000o\000n\000a\000l\000\040\000S\000o\000c\000i\000e\000t\000y\000:\000\040\000T\000h\000e\000\040\000C\000a\000p\000o}{chapter.4}% 47
\BOOKMARK [1][-]{section.4.3}{\376\377\000T\000h\000e\000\040\000E\000s\000t\000a\000b\000l\000i\000s\000h\000m\000e\000n\000t\000\040\000o\000f\000\040\000a\000\040\000T\000r\000a\000d\000i\000t\000i\000o\000n\000a\000l\000\040\000S\000o\000c\000i\000e\000t\000y\000:\000\040\000P\000r\000i\000e\000s\000t\000s}{chapter.4}% 48
\BOOKMARK [1][-]{section.4.4}{\376\377\000T\000h\000e\000\040\000C\000o\000n\000s\000t\000i\000t\000u\000t\000i\000o\000n\000\040\000o\000f\000\040\000a\000\040\000T\000r\000a\000d\000i\000t\000i\000o\000n\000a\000l\000\040\000S\000o\000c\000i\000e\000t\000y\000:\000\040\000W\000a\000r\000r\000i\000o\000r\000s}{chapter.4}% 49
\BOOKMARK [1][-]{section.4.5}{\376\377\000T\000h\000e\000\040\000E\000s\000t\000a\000b\000l\000i\000s\000h\000m\000e\000n\000t\000\040\000o\000f\000\040\000a\000\040\000T\000r\000a\000d\000i\000t\000i\000o\000n\000a\000l\000\040\000S\000o\000c\000i\000e\000t\000y\000:\000\040\000W\000o\000r\000k\000e\000r\000s}{chapter.4}% 50
\BOOKMARK [1][-]{section.4.6}{\376\377\000D\000e\000i\000f\000i\000c\000a\000t\000i\000o\000n\000\040\000o\000f\000\040\000M\000a\000n}{chapter.4}% 51
\BOOKMARK [1][-]{section.4.7}{\376\377\000T\000h\000e\000\040\000I\000n\000s\000t\000a\000n\000t\000\040\000a\000n\000d\000\040\000E\000t\000e\000r\000n\000i\000t\000y}{chapter.4}% 52
\BOOKMARK [1][-]{section.4.8}{\376\377\000T\000r\000a\000d\000i\000t\000i\000o\000n\000\040\000\046\000\040\000t\000h\000e\000\040\000G\000e\000n\000e\000r\000a\000l\000\040\000L\000a\000w}{chapter.4}% 53
\BOOKMARK [1][-]{section.4.9}{\376\377\000D\000e\000a\000t\000h}{chapter.4}% 54
\BOOKMARK [1][-]{section.4.10}{\376\377\000A\000s\000c\000e\000s\000i\000s\000\040\000a\000n\000d\000\040\000A\000n\000t\000i\000-\000E\000u\000r\000o\000p\000e}{chapter.4}% 55
\BOOKMARK [1][-]{section.4.11}{\376\377\000T\000h\000e\000\040\000S\000e\000c\000o\000n\000d\000\040\000P\000r\000e\000c\000e\000p\000t\000\040\000o\000f\000\040\000L\000o\000v\000e}{chapter.4}% 56
\BOOKMARK [0][-]{chapter.5}{\376\377\000M\000e\000s\000\040\000i\000d\000\351\000e\000s\000\040\000p\000o\000l\000i\000t\000i\000q\000u\000e\000s\000,\000\040\000b\000y\000\040\000C\000h\000a\000r\000l\000e\000s\000\040\000M\000a\000u\000r\000r\000a\000s}{}% 57
\BOOKMARK [1][-]{section.5.1}{\376\377\000H\000i\000s\000\040\000P\000o\000l\000i\000t\000i\000c\000a\000l\000\040\000I\000d\000e\000a\000s}{chapter.5}% 58
\BOOKMARK [1][-]{section.5.2}{\376\377\000P\000r\000i\000n\000c\000i\000p\000l\000e\000\040\000I\000:\000\040\000T\000r\000u\000t\000h}{chapter.5}% 59
\BOOKMARK [1][-]{section.5.3}{\376\377\000P\000r\000i\000n\000c\000i\000p\000l\000e\000\040\000I\000I\000:\000\040\000F\000o\000r\000c\000e}{chapter.5}% 60
\BOOKMARK [1][-]{section.5.4}{\376\377\000P\000r\000i\000n\000c\000i\000p\000l\000e\000\040\000I\000I\000I\000:\000\040\000O\000r\000d\000e\000r}{chapter.5}% 61
\BOOKMARK [1][-]{section.5.5}{\376\377\000P\000r\000i\000n\000c\000i\000p\000l\000e\000\040\000I\000V\000:\000\040\000A\000u\000t\000h\000o\000r\000i\000t\000y}{chapter.5}% 62
\BOOKMARK [1][-]{section.5.6}{\376\377\000P\000r\000i\000n\000c\000i\000p\000l\000e\000\040\000V\000:\000\040\000F\000r\000e\000e\000d\000o\000m}{chapter.5}% 63
\BOOKMARK [1][-]{section.5.7}{\376\377\000P\000r\000i\000n\000c\000i\000p\000l\000e\000\040\000V\000I\000:\000\040\000R\000i\000g\000h\000t\000s\000\040\000a\000n\000d\000\040\000L\000a\000w\000s}{chapter.5}% 64
\BOOKMARK [1][-]{section.5.8}{\376\377\000P\000r\000i\000n\000c\000i\000p\000l\000e\000\040\000V\000I\000I\000:\000\040\000P\000r\000o\000p\000e\000r\000t\000y}{chapter.5}% 65
\BOOKMARK [1][-]{section.5.9}{\376\377\000P\000r\000i\000n\000c\000i\000p\000l\000e\000\040\000V\000I\000I\000I\000:\000\040\000H\000e\000r\000e\000d\000i\000t\000y}{chapter.5}% 66
\BOOKMARK [1][-]{section.5.10}{\376\377\000P\000r\000i\000n\000c\000i\000p\000l\000e\000\040\000I\000X\000:\000\040\000T\000h\000e\000\040\000D\000u\000t\000y\000\040\000o\000f\000\040\000H\000e\000r\000i\000t\000a\000g\000e}{chapter.5}% 67
\BOOKMARK [1][-]{section.5.11}{\376\377\000P\000r\000i\000n\000c\000i\000p\000l\000e\000\040\000X\000:\000\040\000T\000r\000a\000d\000i\000t\000i\000o\000n}{chapter.5}% 68
\BOOKMARK [0][-]{chapter.6}{\376\377\000M\000a\000u\000r\000r\000a\000s\000'\000\040\000S\000h\000o\000r\000t\000\040\000A\000r\000t\000i\000c\000l\000e\000s}{}% 69
\BOOKMARK [1][-]{section.6.1}{\376\377\000A\000l\000l\000\040\000S\000o\000u\000l\000'\000s\000\040\000D\000a\000y}{chapter.6}% 70
\BOOKMARK [1][-]{section.6.2}{\376\377\000R\000e\000m\000e\000m\000b\000e\000r\000i\000n\000g\000\040\000t\000h\000e\000\040\000D\000e\000a\000d}{chapter.6}% 71
\BOOKMARK [0][-]{chapter.7}{\376\377\000O\000t\000h\000e\000r\000\040\000T\000r\000a\000n\000s\000l\000a\000t\000i\000o\000n\000s}{}% 72
\BOOKMARK [1][-]{section.7.1}{\376\377\000E\000a\000s\000t\000e\000r\000n\000\040\000W\000i\000s\000d\000o\000m\000\040\000a\000n\000d\000\040\000W\000e\000s\000t\000e\000r\000n\000\040\000K\000n\000o\000w\000l\000e\000d\000g\000e}{chapter.7}% 73
\BOOKMARK [1][-]{section.7.2}{\376\377\000G\000e\000r\000m\000a\000n\000\040\000I\000n\000f\000l\000u\000e\000n\000c\000e\000\040\000o\000n\000\040\000I\000n\000d\000o\000l\000o\000g\000y}{chapter.7}% 74
\BOOKMARK [1][-]{section.7.3}{\376\377\000L\000o\000h\000e\000n\000g\000r\000i\000n}{chapter.7}% 75
\BOOKMARK [0][-]{chapter.8}{\376\377\000S\000o\000m\000e\000\040\000E\000v\000o\000l\000a\000'\000s\000\040\000T\000r\000a\000n\000s\000l\000a\000t\000i\000o\000n\000s}{}% 76
\BOOKMARK [1][-]{section.8.1}{\376\377\000E\000v\000o\000l\000a\040\031\000s\000\040\000A\000d\000v\000i\000c\000e\000\040\000t\000o\000\040\000t\000h\000e\000\040\000P\000o\000p\000e}{chapter.8}% 77
\BOOKMARK [1][-]{section.8.2}{\376\377\000J\000u\000l\000i\000u\000s\000\040\000E\000v\000o\000l\000a\000\040\000o\000n\000\040\000E\000s\000o\000t\000e\000r\000i\000c\000\040\000C\000a\000t\000h\000o\000l\000i\000c\000i\000s\000m}{chapter.8}% 78
\BOOKMARK [1][-]{section.8.3}{\376\377\000G\000i\000u\000l\000i\000a\000n\000o\000\040\000I\000m\000p\000e\000r\000a\000t\000o\000r\000e}{chapter.8}% 79
\BOOKMARK [1][-]{section.8.4}{\376\377\000U\000n\000i\000v\000e\000r\000s\000a\000l\000i\000t\000y\000\040\000a\000n\000d\000\040\000t\000h\000e\000\040\000H\000e\000r\000o\000i\000c\000\040\000L\000i\000f\000e}{chapter.8}% 80
\BOOKMARK [1][-]{section.8.5}{\376\377\000W\000e\000\040\000A\000n\000t\000i\000m\000o\000d\000e\000r\000n\000s}{chapter.8}% 81
\BOOKMARK [1][-]{section.8.6}{\376\377\000O\000r\000i\000e\000n\000t\000a\000t\000i\000o\000n\000s\000:\000\040\000T\000h\000e\000\040\000R\000e\000l\000i\000g\000i\000o\000u\000s\000\040\000Q\000u\000e\000s\000t\000i\000o\000n}{chapter.8}% 82
\BOOKMARK [1][-]{section.8.7}{\376\377\000O\000r\000i\000e\000n\000t\000a\000t\000i\000o\000n\000s}{chapter.8}% 83
\BOOKMARK [1][-]{section.8.8}{\376\377\000S\000p\000i\000r\000i\000t\000u\000a\000l\000\040\000K\000n\000i\000g\000h\000t\000h\000o\000o\000d}{chapter.8}% 84
\BOOKMARK [1][-]{section.8.9}{\376\377\000T\000h\000e\000\040\000S\000e\000c\000r\000e\000t\000\040\000M\000e\000a\000n\000i\000n\000g\000\040\000o\000f\000\040\000M\000a\000r\000r\000i\000a\000g\000e}{chapter.8}% 85
\BOOKMARK [1][-]{section.8.10}{\376\377\000N\000i\000e\000t\000z\000s\000c\000h\000e\000\040\000f\000o\000r\000\040\000T\000o\000d\000a\000y}{chapter.8}% 86
\BOOKMARK [1][-]{section.8.11}{\376\377\000I\000n\000i\000t\000i\000a\000t\000i\000c\000\040\000C\000e\000n\000t\000e\000r\000s\000\040\000a\000n\000d\000\040\000H\000i\000s\000t\000o\000r\000y\000\040\000\050\000I\000\051}{chapter.8}% 87
\BOOKMARK [1][-]{section.8.12}{\376\377\000T\000h\000e\000\040\000F\000i\000r\000e\000\040\000o\000f\000\040\000C\000r\000e\000a\000t\000i\000o\000n}{chapter.8}% 88
\BOOKMARK [1][-]{section.8.13}{\376\377\000T\000h\000e\000\040\000I\000d\000e\000a\000\040\000o\000f\000\040\000t\000h\000e\000\040\000W\000o\000r\000l\000d\000\040\000i\000n\000\040\000t\000h\000e\000\040\000E\000a\000s\000t}{chapter.8}% 89
\BOOKMARK [1][-]{section.8.14}{\376\377\000O\000u\000t\000l\000i\000n\000e\000/\000S\000u\000m\000m\000a\000r\000y\000\040\000f\000o\000r\000\040\000E\000v\000o\000l\000a\000'\000s\000\040\000R\000e\000v\000o\000l\000t}{chapter.8}% 90
\BOOKMARK [1][-]{section.8.15}{\376\377\000T\000h\000e\000\040\000M\000e\000t\000a\000p\000h\000y\000s\000i\000c\000s\000\040\000o\000f\000\040\000S\000e\000x\000\040\000a\000n\000d\000\040\000t\000h\000e\000\240\000O\000n\000e}{chapter.8}% 91
\BOOKMARK [1][-]{section.8.16}{\376\377\000S\000c\000a\000l\000i\000g\000e\000r\000o\000\040\000M\000e\000e\000t\000s\000\040\000E\000v\000o\000l\000a}{chapter.8}% 92
\BOOKMARK [1][-]{section.8.17}{\376\377\000T\000h\000e\000\040\000E\000s\000o\000t\000e\000r\000i\000c\000\040\000O\000r\000i\000g\000i\000n\000\040\000o\000f\000\040\000t\000h\000e\000\040\000S\000p\000e\000c\000i\000e\000s}{chapter.8}% 93
\BOOKMARK [0][-]{chapter.9}{\376\377\000T\000r\000a\000n\000s\000l\000a\000t\000e\000d\000\040\000C\000o\000r\000r\000e\000s\000p\000o\000n\000d\000e\000n\000c\000e}{}% 94
\BOOKMARK [1][-]{section.9.1}{\376\377\000T\000h\000e\000\040\000C\000o\000r\000r\000e\000s\000p\000o\000n\000d\000e\000n\000c\000e\000\040\000P\000r\000o\000j\000e\000c\000t}{chapter.9}% 95
\BOOKMARK [1][-]{section.9.2}{\376\377\000F\000r\000o\000m\000\040\000G\000u\000\351\000n\000o\000n\000\040\000t\000o\000\040\000E\000v\000o\000l\000a}{chapter.9}% 96
\BOOKMARK [2][-]{subsection.9.2.1}{\376\377\000F\000i\000r\000s\000t\000\040\000L\000e\000t\000t\000e\000r}{section.9.2}% 97
\BOOKMARK [2][-]{subsection.9.2.2}{\376\377\000S\000e\000c\000o\000n\000d\000\040\000L\000e\000t\000t\000e\000r}{section.9.2}% 98
\BOOKMARK [2][-]{subsection.9.2.3}{\376\377\000G\000u\000e\000n\000o\000n\000/\000E\000v\000o\000l\000a\000\040\000L\000e\000t\000t\000e\000r\000\040\0007\000\040\000I\000n\000t\000r\000o\000d\000u\000c\000t\000i\000o\000n}{section.9.2}% 99
\BOOKMARK [2][-]{subsection.9.2.4}{\376\377\000S\000e\000v\000e\000n\000t\000h\000\040\000L\000e\000t\000t\000e\000r}{section.9.2}% 100
\BOOKMARK [2][-]{subsection.9.2.5}{\376\377\000E\000i\000g\000h\000t\000h\000\040\000l\000e\000t\000t\000e\000r}{section.9.2}% 101
\BOOKMARK [2][-]{subsection.9.2.6}{\376\377\000N\000i\000n\000t\000h\000\040\000L\000e\000t\000t\000e\000r}{section.9.2}% 102
\BOOKMARK [2][-]{subsection.9.2.7}{\376\377\000T\000e\000n\000t\000h\000\040\000L\000e\000t\000t\000e\000r}{section.9.2}% 103
\BOOKMARK [1][-]{section.9.3}{\376\377\000F\000r\000o\000m\000\040\000G\000u\000\351\000n\000o\000n\000\040\000t\000o\000\040\000G\000u\000i\000d\000o\000\040\000d\000e\000\040\000G\000i\000o\000r\000g\000i\000o}{chapter.9}% 104
\BOOKMARK [2][-]{subsection.9.3.1}{\376\377\000F\000i\000r\000s\000t\000\040\000L\000e\000t\000t\000e\000r}{section.9.3}% 105
\BOOKMARK [2][-]{subsection.9.3.2}{\376\377\000S\000e\000c\000o\000n\000d\000\040\000L\000e\000t\000t\000e\000r}{section.9.3}% 106
\BOOKMARK [2][-]{subsection.9.3.3}{\376\377\000T\000h\000i\000r\000d\000\040\000L\000e\000t\000t\000e\000r}{section.9.3}% 107
\BOOKMARK [2][-]{subsection.9.3.4}{\376\377\000F\000i\000f\000t\000h\000\040\000l\000e\000t\000t\000e\000r}{section.9.3}% 108
\BOOKMARK [2][-]{subsection.9.3.5}{\376\377\000S\000i\000x\000t\000h\000\040\000l\000e\000t\000t\000e\000r}{section.9.3}% 109
\BOOKMARK [2][-]{subsection.9.3.6}{\376\377\000E\000i\000g\000h\000t\000h\000\040\000L\000e\000t\000t\000e\000r}{section.9.3}% 110
\BOOKMARK [1][-]{section.9.4}{\376\377\000F\000r\000o\000m\000\040\000E\000v\000o\000l\000a\000\040\000t\000o\000\040\000E\000l\000i\000a\000d\000e}{chapter.9}% 111
\BOOKMARK [1][-]{section.9.5}{\376\377\000F\000i\000r\000s\000t\000\040\000L\000e\000t\000t\000e\000r}{chapter.9}% 112
\BOOKMARK [1][-]{section.9.6}{\376\377\000L\000e\000t\000t\000e\000r\000s\000\040\000f\000r\000o\000m\000\040\000E\000v\000o\000l\000a\000\040\000t\000o\000\040\000E\000l\000i\000a\000d\000e\000\040\000\050\000I\000I\000\051}{chapter.9}% 113
\BOOKMARK [2][-]{subsection.9.6.1}{\376\377\000T\000h\000i\000r\000d\000\040\000L\000e\000t\000t\000e\000r}{section.9.6}% 114
\BOOKMARK [1][-]{section.9.7}{\376\377\000F\000r\000o\000m\000\040\000E\000v\000o\000l\000a\000\040\000t\000o\000\040\000C\000a\000r\000l\000\040\000S\000c\000h\000m\000i\000t\000t}{chapter.9}% 115
\BOOKMARK [2][-]{subsection.9.7.1}{\376\377\000F\000i\000r\000s\000t\000\040\000L\000e\000t\000t\000e\000r}{section.9.7}% 116
\BOOKMARK [1][-]{section.9.8}{\376\377\000O\000t\000h\000e\000r\000\040\000l\000e\000t\000t\000e\000r\000s}{chapter.9}% 117
\BOOKMARK [2][-]{subsection.9.8.1}{\376\377\000J\000u\000l\000i\000u\000s\000\040\000E\000v\000o\000l\000a\000\040\000a\000n\000d\000\040\000L\000o\000u\000r\000d\000e\000s}{section.9.8}% 118
\BOOKMARK [1][-]{section.9.9}{\376\377\000L\000e\000t\000t\000e\000r\000\040\000t\000o\000\040\000P\000a\000l\000a\000m\000i\000d\000e\000s\000s\000i}{chapter.9}% 119
\BOOKMARK [2][-]{subsection.9.9.1}{\376\377\000L\000e\000t\000t\000e\000r\000\040\000f\000r\000o\000m\000\040\000G\000u\000e\000n\000o\000n\000\040\000t\000o\000\040\000A\000K\000C\000\040\0002\0004\000V\000I\0001\0009\0003\0005}{section.9.9}% 120
