\BOOKMARK [0][-]{chapter.1}{\376\377\000I\000n\000t\000r\000o\000d\000u\000c\000t\000i\000o\000n}{}% 1
\BOOKMARK [1][-]{section.1.1}{\376\377\000M\000a\000t\000h\000s\000\040\000a\000n\000d\000\040\000P\000o\000l\000i\000t\000i\000c\000s}{chapter.1}% 2
\BOOKMARK [1][-]{section.1.2}{\376\377\000W\000o\000r\000l\000d\000v\000i\000e\000w\000s}{chapter.1}% 3
\BOOKMARK [1][-]{section.1.3}{\376\377\000O\000n\000l\000y\000\040\000a\000\040\000g\000o\000d\000\040\000c\000a\000n\000\040\000s\000a\000v\000e\000\040\000u\000s}{chapter.1}% 4
\BOOKMARK [1][-]{section.1.4}{\376\377\000R\000o\000o\000t\000s\000\040\000o\000f\000\040\000W\000e\000s\000t\000e\000r\000n\000\040\000C\000i\000v\000i\000l\000i\000s\000a\000t\000i\000o\000n}{chapter.1}% 5
\BOOKMARK [1][-]{section.1.5}{\376\377\000D\000e\000s\000c\000a\000r\000t\000e\040\031\000s\000\040\000N\000i\000g\000h\000t\000m\000a\000r\000e}{chapter.1}% 6
\BOOKMARK [1][-]{section.1.6}{\376\377\000Q\000u\000a\000l\000i\000t\000a\000t\000i\000v\000e\000\040\000C\000i\000v\000i\000l\000i\000z\000a\000t\000i\000o\000n}{chapter.1}% 7
\BOOKMARK [1][-]{section.1.7}{\376\377\000E\000x\000c\000u\000r\000s\000u\000s\000\040\000o\000n\000\040\000M\000e\000t\000h\000o\000d}{chapter.1}% 8
\BOOKMARK [1][-]{section.1.8}{\376\377\000T\000h\000e\000\040\000E\000n\000d\000\040\000o\000f\000\040\000T\000h\000i\000n\000k\000i\000n\000g}{chapter.1}% 9
\BOOKMARK [1][-]{section.1.9}{\376\377\000T\000h\000e\000\040\000O\000w\000l\000\040\000o\000f\000\040\000M\000i\000n\000e\000r\000v\000a}{chapter.1}% 10
\BOOKMARK [1][-]{section.1.10}{\376\377\000N\000i\000e\000t\000z\000s\000c\000h\000e\000\040\000a\000n\000d\000\040\000B\000e\000i\000n\000g}{chapter.1}% 11
\BOOKMARK [1][-]{section.1.11}{\376\377\000T\000h\000e\000\040\000N\000e\000w\000\040\000I\000n\000t\000e\000l\000l\000e\000c\000t\000u\000a\000l}{chapter.1}% 12
\BOOKMARK [1][-]{section.1.12}{\376\377\000A\000r\000c\000h\000a\000e\000o\000l\000o\000g\000y\000\040\000o\000f\000\040\000t\000h\000e\000\040\000S\000o\000u\000l}{chapter.1}% 13
\BOOKMARK [1][-]{section.1.13}{\376\377\000T\000h\000e\000\040\000S\000c\000i\000e\000n\000c\000e\000\040\000o\000f\000\040\000P\000r\000e\000h\000i\000s\000t\000o\000r\000y}{chapter.1}% 14
\BOOKMARK [1][-]{section.1.14}{\376\377\000I\000n\000s\000t\000i\000n\000c\000t\000,\000\040\000C\000o\000n\000s\000c\000i\000o\000u\000s\000n\000e\000s\000s\000,\000\040\000S\000c\000i\000e\000n\000c\000e}{chapter.1}% 15
\BOOKMARK [1][-]{section.1.15}{\376\377\000H\000o\000p\000e\000\040\000a\000n\000d\000\040\000C\000h\000a\000n\000g\000e}{chapter.1}% 16
\BOOKMARK [1][-]{section.1.16}{\376\377\000I\000d\000i\000o\000t\040\031\000s\000\040\000G\000u\000i\000d\000e\000\040\000t\000o\000\040\000t\000h\000e\000\040\000M\000o\000d\000e\000r\000n\000\040\000W\000o\000r\000l\000d}{chapter.1}% 17
\BOOKMARK [1][-]{section.1.17}{\376\377\000T\000h\000e\000\040\000G\000l\000a\000s\000s\000\040\000B\000e\000a\000d\000\040\000G\000a\000m\000e}{chapter.1}% 18
\BOOKMARK [0][-]{chapter.2}{\376\377\000H\000y\000p\000e\000r\000b\000o\000r\000e\000a}{}% 19
\BOOKMARK [1][-]{section.2.1}{\376\377\000H\000y\000p\000e\000r\000b\000o\000r\000e\000a\000\040\000a\000n\000d\000\040\000t\000h\000e\000\040\000P\000r\000i\000m\000o\000r\000d\000i\000a\000l\000\040\000T\000r\000a\000d\000i\000t\000i\000o\000n}{chapter.2}% 20
\BOOKMARK [1][-]{section.2.2}{\376\377\000A\000r\000c\000t\000i\000c\000\040\000H\000o\000m\000e\000\040\000i\000n\000\040\000t\000h\000e\000\040\000V\000e\000d\000a\000s}{chapter.2}% 21
\BOOKMARK [1][-]{section.2.3}{\376\377\000F\000a\000b\000r\000e\000\040\000d\040\031\000O\000l\000i\000v\000e\000t\000\040\000a\000n\000d\000\040\000t\000h\000e\000\040\000M\000y\000t\000h\000\040\000o\000f\000\040\000B\000l\000o\000o\000d}{chapter.2}% 22
\BOOKMARK [1][-]{section.2.4}{\376\377\000F\000i\000g\000h\000t\000\040\000o\000v\000e\000r\000\040\000O\000r\000i\000g\000i\000n\000s}{chapter.2}% 23
\BOOKMARK [1][-]{section.2.5}{\376\377\000T\000h\000e\000\040\000H\000y\000p\000e\000r\000b\000o\000r\000e\000a\000n\000\040\000R\000a\000c\000e\000\040\000a\000n\000d\000\040\000i\000t\000s\000\040\000B\000r\000a\000n\000c\000h\000e\000s}{chapter.2}% 24
\BOOKMARK [1][-]{section.2.6}{\376\377\000T\000h\000e\000\040\000S\000o\000n\000\040\000o\000f\000\040\000D\000u\000t\000y}{chapter.2}% 25
\BOOKMARK [1][-]{section.2.7}{\376\377\000T\000h\000e\000\040\000C\000i\000t\000y\000\040\000a\000n\000d\000\040\000t\000h\000e\000\040\000R\000e\000p\000u\000b\000l\000i\000c}{chapter.2}% 26
\BOOKMARK [0][-]{chapter.3}{\376\377\000B\000h\000a\000r\000a\000t\000\040\000K\000h\000a\000n\000t\000.\000\040\000V\000e\000d\000i\000c\000\040\000c\000i\000v\000i\000l\000i\000z\000a\000t\000i\000o\000n}{}% 27
\BOOKMARK [1][-]{section.3.1}{\376\377\000C\000a\000s\000t\000e\000\040\000a\000n\000d\000\040\000S\000p\000i\000r\000i\000t}{chapter.3}% 28
\BOOKMARK [1][-]{section.3.2}{\376\377\000T\000h\000e\000\040\000G\000r\000e\000a\000t\000\040\000M\000i\000g\000r\000a\000t\000i\000o\000n}{chapter.3}% 29
\BOOKMARK [1][-]{section.3.3}{\376\377\000D\000o\000c\000t\000r\000i\000n\000e\000\040\000o\000f\000\040\000C\000a\000s\000t\000e\000s}{chapter.3}% 30
\BOOKMARK [1][-]{section.3.4}{\376\377\000C\000a\000s\000t\000e\000\040\000a\000n\000d\000\040\000S\000o\000c\000i\000a\000l\000\040\000O\000r\000d\000e\000r}{chapter.3}% 31
\BOOKMARK [0][-]{chapter.4}{\376\377\000C\000J\000K\000\040\000p\000o\000l\000i\000t\000i\000c\000s}{}% 32
\BOOKMARK [1][-]{section.4.1}{\376\377\000T\000h\000e\000\040\000P\000o\000l\000i\000t\000i\000c\000a\000l\000\040\000P\000h\000i\000l\000o\000s\000o\000p\000h\000y\000\040\000o\000f\000\040\000C\000o\000n\000f\000u\000c\000i\000a\000n\000i\000s\000m}{chapter.4}% 33
\BOOKMARK [1][-]{section.4.2}{\376\377\000L\000e\000g\000e\000n\000d\000s\000\040\000o\000f\000\040\000W\000a\000r\000\040\000a\000n\000d\000\040\000P\000e\000a\000c\000e}{chapter.4}% 34
\BOOKMARK [1][-]{section.4.3}{\376\377\000M\000o\000n\000g\000o\000l\000i\000a\000n\000\040\000B\000e\000l\000i\000e\000f\000s}{chapter.4}% 35
\BOOKMARK [1][-]{section.4.4}{\376\377\000G\000e\000n\000g\000h\000i\000s\000\040\000K\000h\000a\000n}{chapter.4}% 36
\BOOKMARK [1][-]{section.4.5}{\376\377\000K\000u\000b\000l\000a\000i\000\040\000K\000h\000a\000n}{chapter.4}% 37
\BOOKMARK [0][-]{chapter.5}{\376\377\000T\000h\000e\000\040\000A\000n\000c\000i\000e\000n\000t\000\040\000C\000i\000t\000y\000.\000\040\000G\000r\000e\000e\000k\000\040\000a\000n\000d\000\040\000R\000o\000m\000a\000n\000\040\000c\000i\000v\000i\000l\000i\000z\000a\000t\000i\000o\000n\000s}{}% 38
\BOOKMARK [1][-]{section.5.1}{\376\377\000R\000a\000c\000e\000\040\000a\000n\000d\000\040\000t\000h\000e\000\040\000M\000y\000t\000h\000\040\000o\000f\000\040\000t\000h\000e\000\040\000O\000r\000i\000g\000i\000n\000s\000\040\000o\000f\000\040\000R\000o\000m\000e\000\040\000I}{chapter.5}% 39
\BOOKMARK [1][-]{section.5.2}{\376\377\000T\000h\000e\000\040\000M\000y\000s\000t\000i\000q\000u\000e\000\040\000o\000f\000\040\000R\000a\000c\000e\000\040\000i\000n\000\040\000A\000n\000c\000i\000e\000n\000t\000\040\000R\000o\000m\000e\000\040\000I}{chapter.5}% 40
\BOOKMARK [1][-]{section.5.3}{\376\377\000T\000h\000e\000\040\000M\000y\000s\000t\000i\000q\000u\000e\000\040\000o\000f\000\040\000R\000a\000c\000e\000\040\000i\000n\000\040\000A\000n\000c\000i\000e\000n\000t\000\040\000R\000o\000m\000e\000\040\000I\000I}{chapter.5}% 41
\BOOKMARK [1][-]{section.5.4}{\376\377\000R\000a\000p\000e\000\040\000o\000f\000\040\000t\000h\000e\000\040\000S\000a\000b\000i\000n\000e\000\040\000W\000o\000m\000e\000n}{chapter.5}% 42
\BOOKMARK [1][-]{section.5.5}{\376\377\000P\000r\000i\000e\000s\000t\000\040\000a\000n\000d\000\040\000K\000i\000n\000g\000\040\000i\000n\000\040\000R\000o\000m\000e}{chapter.5}% 43
\BOOKMARK [1][-]{section.5.6}{\376\377\000T\000h\000e\000\040\000S\000p\000i\000r\000i\000t\000\040\000o\000f\000\040\000R\000o\000m\000a\000n\000\040\000C\000i\000v\000i\000l\000i\000z\000a\000t\000i\000o\000n}{chapter.5}% 44
\BOOKMARK [1][-]{section.5.7}{\376\377\000R\000o\000m\000a\000n\000s\000\040\000a\000n\000d\000\040\000S\000p\000a\000r\000t\000a\000n\000s\000\040\000a\000t\000\040\000W\000a\000r}{chapter.5}% 45
\BOOKMARK [1][-]{section.5.8}{\376\377\000S\000i\000l\000e\000n\000c\000e\000,\000\040\000R\000h\000y\000t\000h\000m\000s\000,\000\040\000F\000o\000r\000m\000s}{chapter.5}% 46
\BOOKMARK [1][-]{section.5.9}{\376\377\000H\000u\000n\000g\000r\000y\000\040\000G\000h\000o\000s\000t\000s}{chapter.5}% 47
\BOOKMARK [1][-]{section.5.10}{\376\377\000T\000h\000e\000\040\000R\000e\000l\000i\000g\000i\000o\000n\000\040\000o\000f\000\040\000t\000h\000e\000\040\000A\000n\000c\000i\000e\000n\000t\000\040\000C\000i\000t\000y}{chapter.5}% 48
\BOOKMARK [1][-]{section.5.11}{\376\377\000T\000h\000e\000\040\000D\000e\000g\000e\000n\000e\000r\000a\000t\000i\000o\000n\000\040\000o\000f\000\040\000t\000h\000e\000\040\000A\000n\000c\000i\000e\000n\000t\000\040\000C\000i\000t\000y}{chapter.5}% 49
\BOOKMARK [1][-]{section.5.12}{\376\377\000T\000h\000e\000\040\000M\000i\000n\000d\000\040\000o\000f\000\040\000t\000h\000e\000\040\000A\000n\000c\000i\000e\000n\000t\000\040\000C\000i\000t\000y}{chapter.5}% 50
\BOOKMARK [1][-]{section.5.13}{\376\377\000F\000a\000t\000e\000\040\000i\000n\000\040\000t\000h\000e\000\040\000A\000n\000c\000i\000e\000n\000t\000\040\000C\000i\000t\000y}{chapter.5}% 51
\BOOKMARK [1][-]{section.5.14}{\376\377\000T\000h\000e\000\040\000E\000a\000g\000l\000e\000\040\000a\000n\000d\000\040\000t\000h\000e\000\040\000V\000u\000l\000t\000u\000r\000e\000s}{chapter.5}% 52
\BOOKMARK [1][-]{section.5.15}{\376\377\000T\000h\000e\000\040\000F\000o\000u\000n\000d\000a\000t\000i\000o\000n\000\040\000o\000f\000\040\000R\000o\000m\000e}{chapter.5}% 53
\BOOKMARK [1][-]{section.5.16}{\376\377\000S\000a\000i\000n\000t\000\040\000C\000o\000n\000s\000t\000a\000n\000t\000i\000n\000e\000\040\000t\000h\000e\000\040\000G\000r\000e\000a\000t}{chapter.5}% 54
\BOOKMARK [0][-]{chapter.6}{\376\377\000T\000h\000e\000\040\000S\000e\000c\000o\000n\000d\000\040\000R\000o\000m\000e\000.\000\040\000C\000h\000r\000i\000s\000t\000e\000n\000d\000o\000m}{}% 55
\BOOKMARK [1][-]{section.6.1}{\376\377\000H\000o\000l\000y\000\040\000R\000o\000m\000e\000,\000\040\000E\000t\000e\000r\000n\000a\000l\000\040\000R\000o\000m\000e}{chapter.6}% 56
\BOOKMARK [1][-]{section.6.2}{\376\377\000S\000p\000i\000r\000i\000t\000u\000a\000l\000\040\000R\000e\000i\000n\000v\000i\000g\000o\000r\000a\000t\000i\000o\000n}{chapter.6}% 57
\BOOKMARK [1][-]{section.6.3}{\376\377\000T\000h\000e\000\040\000F\000l\000o\000w\000e\000r\000i\000n\000g\000\040\000o\000f\000\040\000E\000u\000r\000o\000p\000e\000a\000n\000\040\000C\000i\000v\000i\000l\000i\000s\000a\000t\000i\000o\000n}{chapter.6}% 58
\BOOKMARK [1][-]{section.6.4}{\376\377\000T\000h\000e\000\040\000C\000o\000n\000t\000i\000n\000u\000i\000t\000y\000\040\000o\000f\000\040\000T\000r\000a\000d\000i\000t\000i\000o\000n}{chapter.6}% 59
\BOOKMARK [1][-]{section.6.5}{\376\377\000T\000h\000e\000\040\000V\000a\000l\000o\000r\000i\000z\000a\000t\000i\000o\000n\000\040\000o\000f\000\040\000t\000h\000e\000\040\000M\000i\000d\000d\000l\000e\000\040\000A\000g\000e\000s}{chapter.6}% 60
\BOOKMARK [1][-]{section.6.6}{\376\377\000F\000r\000o\000m\000\040\000V\000i\000r\000g\000i\000l\000\040\000t\000o\000\040\000D\000a\000n\000t\000e}{chapter.6}% 61
\BOOKMARK [1][-]{section.6.7}{\376\377\000F\000r\000o\000m\000\040\000C\000l\000o\000v\000i\000s\000\040\000t\000o\000\040\000C\000h\000a\000r\000l\000e\000m\000a\000g\000n\000e}{chapter.6}% 62
\BOOKMARK [1][-]{section.6.8}{\376\377\000T\000h\000e\000\040\000W\000e\000s\000t\000e\000r\000n\000\040\000T\000r\000a\000d\000i\000t\000i\000o\000n\000\040\000R\000e\000v\000i\000e\000w\000e\000d}{chapter.6}% 63
\BOOKMARK [1][-]{section.6.9}{\376\377\000C\000a\000t\000c\000h\000i\000n\000g\000\040\000o\000u\000r\000\040\000B\000r\000e\000a\000t\000h}{chapter.6}% 64
\BOOKMARK [1][-]{section.6.10}{\376\377\000D\000a\000n\000t\000e\000\040\000a\000n\000d\000\040\000t\000h\000e\000\040\000H\000o\000l\000y\000\040\000C\000u\000l\000m\000i\000n\000a\000t\000i\000o\000n\000\040\000o\000f\000\040\000t\000h\000e\000\040\000R\000o\000m\000a\000n\000\040\000T\000r\000a\000d\000i\000t\000i\000o\000n}{chapter.6}% 65
\BOOKMARK [1][-]{section.6.11}{\376\377\000H\000a\000u\000n\000t\000e\000d\000\040\000b\000y\000\040\000t\000h\000e\000\040\000E\000m\000p\000e\000r\000o\000r}{chapter.6}% 66
\BOOKMARK [0][-]{chapter.7}{\376\377\000S\000p\000i\000r\000i\000t\000u\000a\000l\000\040\000A\000u\000t\000h\000o\000r\000i\000t\000y\000\040\000a\000n\000d\000\040\000T\000e\000m\000p\000o\000r\000a\000l\000\040\000P\000o\000w\000e\000r}{}% 67
\BOOKMARK [1][-]{section.7.1}{\376\377\000T\000h\000e\000\040\000T\000r\000i\000p\000l\000e\000\040\000F\000o\000u\000n\000d\000a\000t\000i\000o\000n\000\040\000o\000f\000\040\000t\000h\000e\000\040\000S\000o\000c\000i\000a\000l\000\040\000O\000r\000d\000e\000r}{chapter.7}% 68
\BOOKMARK [1][-]{section.7.2}{\376\377\000A\000c\000t\000i\000o\000n\000\040\000a\000n\000d\000\040\000R\000e\000a\000c\000t\000i\000o\000n}{chapter.7}% 69
\BOOKMARK [0][-]{chapter.8}{\376\377\000M\000o\000n\000a\000r\000c\000h\000y}{}% 70
\BOOKMARK [1][-]{section.8.1}{\376\377\000I\000l\000\040\000C\000a\000p\000o}{chapter.8}% 71
\BOOKMARK [1][-]{section.8.2}{\376\377\000T\000h\000e\000\040\000P\000r\000i\000e\000s\000t\000\040\000a\000n\000d\000\040\000t\000h\000e\000\040\000K\000i\000n\000g}{chapter.8}% 72
\BOOKMARK [1][-]{section.8.3}{\376\377\000T\000h\000e\000\040\000C\000o\000r\000o\000n\000a\000t\000i\000o\000n\000\040\000o\000f\000\040\000t\000h\000e\000\040\000K\000i\000n\000g}{chapter.8}% 73
\BOOKMARK [1][-]{section.8.4}{\376\377\000T\000h\000e\000\040\000M\000e\000a\000n\000i\000n\000g\000\040\000a\000n\000d\000\040\000F\000u\000n\000c\000t\000i\000o\000n\000\040\000o\000f\000\040\000M\000o\000n\000a\000r\000c\000h\000y}{chapter.8}% 74
\BOOKMARK [0][-]{chapter.9}{\376\377\000N\000o\000b\000i\000l\000i\000t\000y\000\040\000a\000n\000d\000\040\000C\000h\000i\000v\000a\000l\000r\000y}{}% 75
\BOOKMARK [1][-]{section.9.1}{\376\377\000R\000a\000n\000d\000o\000m\000\040\000t\000h\000o\000u\000g\000h\000t\000s\000\040\000o\000n\000\040\000C\000h\000i\000v\000a\000l\000r\000y}{chapter.9}% 76
\BOOKMARK [1][-]{section.9.2}{\376\377\000N\000i\000n\000e\000\040\000w\000o\000r\000t\000h\000i\000e\000s\000:\000\040\000C\000h\000a\000m\000p\000i\000o\000n\000s\000\040\000o\000f\000\040\000C\000h\000i\000v\000a\000l\000r\000y}{chapter.9}% 77
\BOOKMARK [1][-]{section.9.3}{\376\377\000A\000r\000i\000s\000t\000o\000c\000r\000a\000t\000i\000c\000\040\000P\000h\000i\000l\000o\000s\000o\000p\000h\000y}{chapter.9}% 78
\BOOKMARK [1][-]{section.9.4}{\376\377\000P\000r\000o\000l\000e\000\040\000T\000h\000o\000u\000g\000h\000t\000s}{chapter.9}% 79
\BOOKMARK [1][-]{section.9.5}{\376\377\000P\000r\000o\000l\000e\000g\000o\000m\000e\000n\000a\000\040\000t\000o\000\040\000N\000o\000b\000l\000e\000\040\000P\000h\000i\000l\000o\000s\000o\000p\000h\000y}{chapter.9}% 80
\BOOKMARK [1][-]{section.9.6}{\376\377\000N\000o\000t\000e\000s\000\040\000o\000f\000\040\000a\000\040\000L\000a\000t\000t\000e\000r\000\040\000D\000a\000y\000\040\000K\000n\000i\000g\000h\000t}{chapter.9}% 81
\BOOKMARK [1][-]{section.9.7}{\376\377\000T\000h\000e\000\040\000L\000a\000w\000\040\000o\000f\000\040\000S\000u\000c\000c\000e\000s\000s}{chapter.9}% 82
\BOOKMARK [1][-]{section.9.8}{\376\377\000T\000h\000e\000\040\000H\000o\000l\000y\000\040\000K\000n\000i\000g\000h\000t\000s\000\040\000T\000e\000m\000p\000l\000a\000r}{chapter.9}% 83
\BOOKMARK [1][-]{section.9.9}{\376\377\000T\000h\000e\000\040\000S\000y\000m\000b\000o\000l\000i\000s\000m\000\040\000o\000f\000\040\000t\000h\000e\000\040\000H\000o\000r\000s\000e}{chapter.9}% 84
\BOOKMARK [1][-]{section.9.10}{\376\377\000H\000e\000r\000o\000e\000s\000\040\000a\000n\000d\000\040\000V\000i\000b\000h\000u\000t\000i\000s}{chapter.9}% 85
\BOOKMARK [0][-]{chapter.10}{\376\377\000D\000e\000c\000a\000d\000e\000n\000c\000e\000.\000\040\000L\000i\000b\000e\000r\000a\000l\000i\000s\000m}{}% 86
\BOOKMARK [1][-]{section.10.1}{\376\377\000J\000u\000s\000t\000\040\000a\000s\000k\000\040\000W\000h\000y\000?}{chapter.10}% 87
\BOOKMARK [1][-]{section.10.2}{\376\377\000T\000h\000e\000\040\000F\000r\000a\000n\000k\000f\000u\000r\000t\000\040\000S\000c\000h\000o\000o\000l}{chapter.10}% 88
\BOOKMARK [1][-]{section.10.3}{\376\377\000T\000o\000\040\000B\000e\000\040\000C\000o\000n\000s\000i\000d\000e\000r\000e\000d\000\040\000a\000\040\000M\000a\000n}{chapter.10}% 89
\BOOKMARK [1][-]{section.10.4}{\376\377\000B\000o\000n\000f\000i\000r\000e\000\040\000o\000f\000\040\000t\000h\000e\000\040\000V\000a\000n\000i\000t\000i\000e\000s}{chapter.10}% 90
\BOOKMARK [1][-]{section.10.5}{\376\377\000L\000i\000b\000e\000r\000a\000l\000i\000s\000m\000\040\000a\000n\000d\000\040\000t\000h\000e\000\040\000I\000n\000d\000i\000v\000i\000d\000u\000a\000l}{chapter.10}% 91
\BOOKMARK [1][-]{section.10.6}{\376\377\000T\000h\000e\000\040\000A\000g\000e\000\040\000o\000f\000\040\000t\000h\000e\000\040\000F\000e\000m\000i\000n\000i\000n\000e}{chapter.10}% 92
\BOOKMARK [1][-]{section.10.7}{\376\377\000E\000v\000e\000r\000y\000t\000h\000i\000n\000g\000\040\000S\000o\000l\000i\000d\000\040\000M\000e\000l\000t\000s\000\040\000i\000n\000t\000o\000\040\000A\000i\000r}{chapter.10}% 93
\BOOKMARK [1][-]{section.10.8}{\376\377\000T\000h\000e\000\040\000M\000i\000s\000c\000o\000n\000c\000e\000p\000t\000i\000o\000n\000\040\000o\000f\000\040\000E\000g\000a\000l\000i\000t\000a\000r\000i\000a\000n\000i\000s\000m}{chapter.10}% 94
\BOOKMARK [1][-]{section.10.9}{\376\377\000T\000h\000e\000\040\000R\000i\000g\000h\000t\000s\000\040\000o\000f\000\040\000M\000a\000n}{chapter.10}% 95
\BOOKMARK [1][-]{section.10.10}{\376\377\000R\000e\000b\000u\000t\000t\000a\000l\000\040\000t\000o\000\040\000L\000i\000b\000e\000r\000a\000t\000i\000o\000n\000\040\000T\000h\000e\000o\000l\000o\000g\000y}{chapter.10}% 96
\BOOKMARK [1][-]{section.10.11}{\376\377\000M\000i\000g\000h\000t\000,\000\040\000C\000u\000n\000n\000i\000n\000g\000,\000\040\000J\000u\000s\000t\000i\000c\000e}{chapter.10}% 97
\BOOKMARK [1][-]{section.10.12}{\376\377\000G\000u\000e\000n\000o\000n\000\040\000R\000e\000a\000d\000e\000r\000\040\000o\000f\000\040\000N\000i\000e\000t\000z\000s\000c\000h\000e}{chapter.10}% 98
\BOOKMARK [1][-]{section.10.13}{\376\377\000G\000u\000\351\000n\000o\000n\000\040\000l\000e\000c\000t\000e\000u\000r\000\040\000d\000e\000\040\000N\000i\000e\000t\000z\000s\000c\000h\000e}{chapter.10}% 99
\BOOKMARK [1][-]{section.10.14}{\376\377\000T\000h\000e\000\040\000S\000t\000u\000p\000i\000d\000\040\000T\000w\000e\000n\000t\000y\000\040\000F\000i\000r\000s\000t\000\040\000C\000e\000n\000t\000u\000r\000y}{chapter.10}% 100
\BOOKMARK [1][-]{section.10.15}{\376\377\000D\000i\000n\000i\000n\000g\000\040\000w\000i\000t\000h\000\040\000D\000u\000n\000g\000\040\000B\000e\000e\000t\000l\000e\000s}{chapter.10}% 101
\BOOKMARK [1][-]{section.10.16}{\376\377\000M\000o\000n\000o\000t\000h\000e\000i\000s\000m\000,\000\040\000T\000o\000t\000a\000l\000i\000t\000a\000r\000i\000a\000n\000i\000s\000m\000,\000\040\000a\000n\000d\000\040\000o\000t\000h\000e\000r\000\040\000s\000t\000r\000a\000n\000g\000e\000\040\000M\000e\000m\000e\000s}{chapter.10}% 102
\BOOKMARK [1][-]{section.10.17}{\376\377\000R\000e\000g\000e\000n\000e\000r\000a\000t\000i\000n\000g\000\040\000H\000u\000m\000a\000n\000i\000t\000y}{chapter.10}% 103
\BOOKMARK [0][-]{chapter.11}{\376\377\000E\000v\000o\000l\000a\000'\000s\000\040\000T\000o\000o\000l\000s\000\040\000o\000f\000\040\000t\000h\000e\000\040\000O\000c\000c\000u\000l\000t\000\040\000W\000a\000r}{}% 104
\BOOKMARK [1][-]{section.11.1}{\376\377\000T\000a\000c\000t\000i\000c\000s\000\040\000o\000f\000\040\000t\000h\000e\000\040\000O\000c\000c\000u\000l\000t\000\040\000W\000a\000r}{chapter.11}% 105
\BOOKMARK [1][-]{section.11.2}{\376\377\000T\000h\000e\000\040\000T\000o\000o\000l\000s\000\040\000o\000f\000\040\000t\000h\000e\000\040\000O\000c\000c\000u\000l\000t\000\040\000W\000a\000r}{chapter.11}% 106
\BOOKMARK [0][-]{chapter.12}{\376\377\000R\000e\000t\000u\000r\000n\000\040\000t\000o\000\040\000T\000r\000a\000d\000i\000t\000i\000o\000n\000.\000\040\000T\000h\000e\000\040\000F\000u\000t\000u\000r\000e\000\040\000E\000l\000i\000t\000e}{}% 107
\BOOKMARK [1][-]{section.12.1}{\376\377\000T\000h\000e\000\040\040\034\000P\000r\000o\000p\000h\000e\000c\000i\000e\000s\040\035\000\040\000o\000f\000\040\000R\000e\000n\000e\000\040\000G\000u\000e\000n\000o\000n}{chapter.12}% 108
\BOOKMARK [1][-]{section.12.2}{\376\377\000T\000h\000e\000\040\000W\000a\000y\000\040\000B\000a\000c\000k}{chapter.12}% 109
\BOOKMARK [1][-]{section.12.3}{\376\377\000L\000i\000g\000h\000t\000n\000i\000n\000g\000\040\000S\000t\000r\000i\000k\000e\000s\000\040\000f\000r\000o\000m\000\040\000t\000h\000e\000\040\000E\000a\000s\000t}{chapter.12}% 110
\BOOKMARK [1][-]{section.12.4}{\376\377\000R\000e\000c\000o\000v\000e\000r\000i\000n\000g\000\040\000T\000r\000a\000d\000i\000t\000i\000o\000n}{chapter.12}% 111
\BOOKMARK [1][-]{section.12.5}{\376\377\000H\000u\000m\000a\000n\000,\000\040\000A\000l\000l\000\040\000T\000o\000o\000\040\000H\000u\000m\000a\000n}{chapter.12}% 112
\BOOKMARK [1][-]{section.12.6}{\376\377\000B\000i\000r\000t\000h\000\040\000a\000n\000d\000\040\000E\000s\000s\000e\000n\000c\000e\000\040\000o\000f\000\040\000t\000h\000e\000\040\000M\000o\000d\000e\000r\000n\000\040\000M\000y\000t\000h}{chapter.12}% 113
\BOOKMARK [1][-]{section.12.7}{\376\377\000R\000o\000u\000n\000d\000\040\000T\000a\000b\000l\000e\000:\000\040\000O\000s\000s\000e\000n\000d\000o\000w\000s\000k\000i\000,\000\040\000G\000u\000e\000n\000o\000n\000,\000\040\000M\000a\000r\000i\000t\000a\000i\000n}{chapter.12}% 114
\BOOKMARK [1][-]{section.12.8}{\376\377\000F\000r\000o\000m\000\040\000E\000g\000y\000p\000t\000\040\000t\000o\000\040\000E\000i\000r\000e}{chapter.12}% 115
\BOOKMARK [1][-]{section.12.9}{\376\377\000E\000s\000s\000e\000n\000c\000e\000\040\000o\000f\000\040\000A\000r\000c\000h\000a\000i\000s\000m}{chapter.12}% 116
\BOOKMARK [1][-]{section.12.10}{\376\377\000T\000h\000e\000\040\000N\000o\000t\000i\000o\000n\000\040\000o\000f\000\040\000a\000n\000\040\000E\000l\000i\000t\000e}{chapter.12}% 117
\BOOKMARK [0][-]{chapter.13}{\376\377\000T\000h\000e\000\040\000H\000i\000d\000d\000e\000n\000\040\000M\000e\000a\000n\000i\000n\000g\000\040\000o\000f\000\040\000H\000i\000s\000t\000o\000r\000y}{}% 118
\BOOKMARK [1][-]{section.13.1}{\376\377\000I\000d\000e\000a\000s\000\040\000a\000n\000d\000\040\000H\000i\000d\000d\000e\000n\000\040\000H\000i\000s\000t\000o\000r\000y}{chapter.13}% 119
\BOOKMARK [1][-]{section.13.2}{\376\377\000C\000o\000n\000s\000p\000i\000r\000a\000c\000i\000e\000s\000\040\000a\000n\000d\000\040\000t\000h\000e\000\040\000G\000a\000s\000\040\000L\000a\000w\000s}{chapter.13}% 120
\BOOKMARK [1][-]{section.13.3}{\376\377\000R\000e\000v\000i\000e\000w\000\040\000o\000f\000\040\000t\000h\000e\000\040\000M\000e\000a\000n\000i\000n\000g\000\040\000o\000f\000\040\000H\000i\000s\000t\000o\000r\000y}{chapter.13}% 121
\BOOKMARK [1][-]{section.13.4}{\376\377\000O\000n\000\040\000t\000h\000e\000\040\000H\000i\000d\000d\000e\000n\000\040\000H\000i\000s\000t\000o\000r\000y\000\040\000o\000f\000\040\000R\000o\000m\000e}{chapter.13}% 122
\BOOKMARK [1][-]{section.13.5}{\376\377\000N\000a\000t\000i\000o\000n\000a\000l\000i\000s\000m\000\040\000a\000n\000d\000\040\000C\000o\000s\000m\000o\000p\000o\000l\000i\000t\000a\000n\000i\000s\000m}{chapter.13}% 123
\BOOKMARK [0][-]{chapter.14}{\376\377\000C\000o\000n\000s\000e\000r\000v\000a\000t\000i\000s\000m\000\040\000a\000n\000d\000\040\000I\000d\000e\000a\000l\000i\000s\000m}{}% 124
\BOOKMARK [1][-]{section.14.1}{\376\377\000T\000h\000e\000\040\000C\000o\000n\000s\000e\000r\000v\000a\000t\000i\000v\000e\000s\000\040\000o\000f\000\040\000R\000e\000f\000l\000e\000c\000t\000i\000o\000n}{chapter.14}% 125
\BOOKMARK [1][-]{section.14.2}{\376\377\000T\000h\000e\000\040\000P\000r\000i\000n\000c\000i\000p\000l\000e\000s\000\040\000o\000f\000\040\000W\000e\000l\000l\000-\000b\000r\000e\000d\000\040\000M\000e\000n}{chapter.14}% 126
\BOOKMARK [1][-]{section.14.3}{\376\377\000D\000o\000n\000o\000s\000o\000\040\000C\000o\000r\000t\000e\000s\000,\000\040\000C\000a\000r\000l\000\040\000S\000c\000h\000m\000i\000t\000t\000,\000\040\000B\000o\000n\000a\000l\000d}{chapter.14}% 127
\BOOKMARK [1][-]{section.14.4}{\376\377\000D\000o\000n\000o\000s\000o\000\040\000o\000n\000\040\000L\000i\000b\000e\000r\000a\000l\000i\000s\000m\000,\000\040\000S\000o\000c\000i\000a\000l\000i\000s\000m\000,\000\040\000a\000n\000d\000\040\000C\000a\000t\000h\000o\000l\000i\000c\000i\000s\000m}{chapter.14}% 128
\BOOKMARK [1][-]{section.14.5}{\376\377\000W\000h\000a\000t\000\040\000i\000s\000\040\000a\000\040\000N\000a\000t\000i\000o\000n}{chapter.14}% 129
\BOOKMARK [1][-]{section.14.6}{\376\377\000T\000h\000e\000\040\000F\000a\000i\000t\000h\000\040\000o\000f\000\040\000a\000\040\000P\000r\000i\000n\000c\000e}{chapter.14}% 130
\BOOKMARK [1][-]{section.14.7}{\376\377\000C\000o\000m\000m\000u\000n\000i\000t\000y\000\040\000a\000n\000d\000\040\000S\000o\000c\000i\000e\000t\000y}{chapter.14}% 131
\BOOKMARK [1][-]{section.14.8}{\376\377\000T\000r\000a\000n\000s\000c\000e\000n\000d\000e\000n\000c\000e\000\040\000a\000n\000d\000\040\000t\000h\000e\000\040\000A\000r\000i\000s\000t\000o\000c\000r\000a\000t\000i\000c\000\040\000P\000r\000i\000n\000c\000i\000p\000l\000e}{chapter.14}% 132
\BOOKMARK [1][-]{section.14.9}{\376\377\000T\000h\000e\000\040\000G\000e\000r\000m\000a\000n\000\040\000C\000o\000n\000s\000e\000r\000v\000a\000t\000i\000v\000e\000\040\000R\000e\000v\000o\000l\000u\000t\000i\000o\000n}{chapter.14}% 133
\BOOKMARK [1][-]{section.14.10}{\376\377\000E\000v\000o\000l\000a\000\040\000V\000i\000e\000w\000e\000d\000\040\000f\000r\000o\000m\000\040\000t\000h\000e\000\040\000R\000i\000g\000h\000t}{chapter.14}% 134
\BOOKMARK [1][-]{section.14.11}{\376\377\000O\000r\000d\000e\000r\000\040\000a\000n\000d\000\040\000P\000r\000o\000g\000r\000e\000s\000s}{chapter.14}% 135
\BOOKMARK [1][-]{section.14.12}{\376\377\000T\000h\000e\000\040\000C\000o\000u\000n\000t\000r\000y\000\040\000o\000f\000\040\000t\000h\000e\000\040\000B\000l\000i\000n\000d}{chapter.14}% 136
\BOOKMARK [1][-]{section.14.13}{\376\377\000M\000y\000t\000h\000o\000s\000\040\000a\000n\000d\000\040\000L\000o\000g\000o\000s}{chapter.14}% 137
\BOOKMARK [1][-]{section.14.14}{\376\377\000E\000u\000r\000o\000p\000e\000\040\000i\000n\000\040\000D\000o\000r\000m\000i\000t\000i\000o\000n}{chapter.14}% 138
\BOOKMARK [1][-]{section.14.15}{\376\377\000P\000a\000g\000a\000n\000i\000s\000m\000\040\0002\000.\0000}{chapter.14}% 139
\BOOKMARK [1][-]{section.14.16}{\376\377\000N\000e\000w\000\040\000R\000i\000g\000h\000t\000,\000\040\000M\000e\000e\000t\000\040\000t\000h\000e\000\040\000O\000l\000d\000\040\000R\000i\000g\000h\000t}{chapter.14}% 140
\BOOKMARK [0][-]{chapter.15}{\376\377\000S\000o\000c\000i\000o\000l\000o\000g\000y\000\040\000a\000n\000d\000\040\000L\000a\000w}{}% 141
\BOOKMARK [1][-]{section.15.1}{\376\377\000S\000c\000i\000e\000n\000t\000i\000f\000i\000c\000\040\000C\000l\000a\000r\000i\000t\000y\000\040\000a\000n\000d\000\040\000A\000s\000s\000u\000r\000a\000n\000c\000e}{chapter.15}% 142
\BOOKMARK [1][-]{section.15.2}{\376\377\000L\000a\000w\000\040\000o\000f\000\040\000S\000o\000c\000i\000a\000l\000\040\000D\000y\000n\000a\000m\000i\000c\000s}{chapter.15}% 143
\BOOKMARK [1][-]{section.15.3}{\376\377\000S\000o\000c\000i\000a\000l\000\040\000F\000a\000c\000t\000s\000\040\000a\000n\000d\000\040\000G\000r\000o\000u\000p\000\040\000C\000o\000n\000t\000r\000o\000l}{chapter.15}% 144
\BOOKMARK [1][-]{section.15.4}{\376\377\000S\000o\000l\000i\000d\000a\000r\000i\000t\000y\000\040\000a\000n\000d\000\040\000C\000o\000n\000t\000i\000n\000u\000i\000t\000y}{chapter.15}% 145
\BOOKMARK [1][-]{section.15.5}{\376\377\000F\000a\000m\000i\000l\000y\000\040\000V\000a\000l\000u\000e\000s}{chapter.15}% 146
\BOOKMARK [1][-]{section.15.6}{\376\377\000P\000r\000a\000y\000,\000\040\000F\000i\000g\000h\000t\000,\000\040\000W\000o\000r\000k}{chapter.15}% 147
\BOOKMARK [1][-]{section.15.7}{\376\377\000P\000r\000o\000l\000e\000g\000o\000m\000e\000n\000a\000\040\000t\000o\000\040\000H\000i\000s\000t\000o\000r\000i\000o\000g\000r\000a\000p\000h\000y}{chapter.15}% 148
\BOOKMARK [1][-]{section.15.8}{\376\377\000M\000a\000j\000o\000r\000i\000t\000y\000\040\000R\000u\000l\000e}{chapter.15}% 149
\BOOKMARK [1][-]{section.15.9}{\376\377\000P\000o\000w\000e\000r\000\040\000a\000n\000d\000\040\000I\000n\000t\000e\000l\000l\000i\000g\000e\000n\000c\000e}{chapter.15}% 150
\BOOKMARK [1][-]{section.15.10}{\376\377\000C\000o\000s\000m\000i\000c\000\040\000a\000n\000d\000\040\000P\000o\000s\000i\000t\000i\000v\000e\000\040\000L\000a\000w}{chapter.15}% 151
\BOOKMARK [1][-]{section.15.11}{\376\377\000F\000a\000m\000i\000l\000y\000\040\000V\000a\000l\000u\000e\000s}{chapter.15}% 152
\BOOKMARK [1][-]{section.15.12}{\376\377\000O\000r\000d\000e\000r\000\040\000a\000n\000d\000\040\000P\000r\000o\000g\000r\000e\000s\000s}{chapter.15}% 153
\BOOKMARK [1][-]{section.15.13}{\376\377\000S\000e\000x\000\040\000a\000n\000d\000\040\000L\000i\000b\000e\000r\000a\000t\000i\000o\000n}{chapter.15}% 154
\BOOKMARK [1][-]{section.15.14}{\376\377\000T\000h\000e\000\040\000M\000e\000t\000a\000p\000h\000y\000s\000i\000c\000s\000\040\000o\000f\000\040\000L\000a\000w}{chapter.15}% 155
\BOOKMARK [1][-]{section.15.15}{\376\377\000T\000h\000e\000\040\000R\000i\000g\000h\000t\000s\000\040\000o\000f\000\040\000M\000a\000n\000:\000\040\000L\000i\000f\000e}{chapter.15}% 156
\BOOKMARK [1][-]{section.15.16}{\376\377\000T\000h\000e\000\040\000F\000u\000t\000u\000r\000e\000\040\000o\000f\000\040\000I\000n\000t\000e\000l\000l\000i\000g\000e\000n\000c\000e}{chapter.15}% 157
\BOOKMARK [0][-]{chapter.16}{\376\377\000M\000y\000t\000h\000s\000\040\000a\000n\000d\000\040\000t\000h\000e\000\040\000F\000o\000u\000n\000d\000a\000t\000i\000o\000n\000\040\000o\000f\000\040\000t\000h\000e\000\040\000C\000i\000t\000y}{}% 158
\BOOKMARK [1][-]{section.16.1}{\376\377\000W\000h\000e\000r\000e\000\040\000H\000a\000v\000e\000\040\000A\000l\000l\000\040\000t\000h\000e\000\040\000H\000e\000r\000o\000e\000s\000\040\000G\000o\000n\000e}{chapter.16}% 159
\BOOKMARK [1][-]{section.16.2}{\376\377\000D\000e\000s\000i\000g\000n\000i\000n\000g\000\040\000a\000\040\000R\000e\000p\000u\000b\000l\000i\000c}{chapter.16}% 160
\BOOKMARK [1][-]{section.16.3}{\376\377\000M\000y\000t\000h\000s\000,\000\040\000S\000y\000m\000b\000o\000l\000s\000,\000\040\000a\000n\000d\000\040\000L\000i\000e\000s}{chapter.16}% 161
\BOOKMARK [0][-]{chapter.17}{\376\377\000D\000e\000s\000c\000a\000r\000t\000e\000s\000'\000\040\000N\000i\000g\000h\000t\000m\000a\000r\000e\000,\000\040\000a\000n\000\040\000E\000s\000s\000a\000y}{}% 162
\BOOKMARK [0][-]{chapter.18}{\376\377\000T\000r\000a\000n\000s\000l\000a\000t\000i\000o\000n\000s}{}% 163
\BOOKMARK [1][-]{section.18.1}{\376\377\000E\000v\000o\000l\000a\000\040\000a\000n\000d\000\040\000G\000u\000e\000n\000o\000n}{chapter.18}% 164
\BOOKMARK [1][-]{section.18.2}{\376\377\000E\000v\000o\000l\000a\000\040\000o\000n\000\040\000C\000h\000r\000i\000s\000t\000i\000a\000n\000i\000t\000y\000\040\000i\000n\000\040\000E\000u\000r\000o\000p\000e}{chapter.18}% 165
\BOOKMARK [1][-]{section.18.3}{\376\377\000E\000v\000o\000l\000a\000\040\000o\000n\000\040\000p\000o\000l\000i\000t\000i\000c\000s\000,\000\040\000m\000o\000r\000a\000l\000s\000,\000\040\000p\000h\000i\000l\000o\000s\000o\000p\000h\000y}{chapter.18}% 166
\BOOKMARK [1][-]{section.18.4}{\376\377\000T\000h\000e\000\040\000S\000c\000i\000e\000n\000c\000e\000\040\000a\000n\000d\000\040\000t\000e\000c\000h\000n\000o\000l\000o\000g\000y\000\040\000Q\000u\000e\000s\000t\000i\000o\000n}{chapter.18}% 167
\BOOKMARK [1][-]{section.18.5}{\376\377\000T\000h\000e\000\040\000E\000u\000r\000o\000p\000e\000a\000n\000\040\000E\000m\000p\000i\000r\000e}{chapter.18}% 168
\BOOKMARK [1][-]{section.18.6}{\376\377\000E\000v\000o\000l\000a\000\040\000o\000n\000\040\000S\000p\000a\000n\000i\000s\000h\000\040\000F\000a\000l\000a\000n\000g\000i\000s\000m}{chapter.18}% 169
\BOOKMARK [1][-]{section.18.7}{\376\377\000C\000h\000r\000i\000s\000t\000m\000a\000s\000\040\000a\000n\000d\000\040\000t\000h\000e\000\040\000W\000i\000n\000t\000e\000r\000\040\000S\000o\000l\000s\000t\000i\000c\000e}{chapter.18}% 170
\BOOKMARK [1][-]{section.18.8}{\376\377\000T\000h\000e\000\040\000F\000u\000t\000u\000r\000e\000\040\000O\000r\000d\000e\000r\000\040\000o\000f\000\040\000N\000a\000t\000i\000o\000n\000s}{chapter.18}% 171
\BOOKMARK [1][-]{section.18.9}{\376\377\000C\000o\000o\000m\000a\000r\000a\000s\000w\000a\000m\000y\000\040\000o\000n\000\040\000E\000v\000o\000l\000a\040\031\000s\000\040\000R\000e\000v\000o\000l\000t}{chapter.18}% 172
\BOOKMARK [1][-]{section.18.10}{\376\377\000T\000h\000e\000\040\000M\000o\000d\000e\000r\000n\000i\000t\000y\000\040\000o\000f\000\040\000H\000o\000b\000b\000e\000s}{chapter.18}% 173
\BOOKMARK [1][-]{section.18.11}{\376\377\000T\000h\000e\000\040\000D\000e\000f\000e\000a\000t\000\040\000a\000n\000d\000\040\000t\000h\000e\000\040\000F\000u\000t\000u\000r\000e\000\040\000o\000f\000\040\000F\000r\000a\000n\000c\000e}{chapter.18}% 174
\BOOKMARK [1][-]{section.18.12}{\376\377\000M\000o\000h\000a\000m\000m\000e\000d\000\040\000a\000n\000d\000\040\000C\000h\000a\000r\000l\000e\000m\000a\000g\000n\000e}{chapter.18}% 175
\BOOKMARK [1][-]{section.18.13}{\376\377\000D\000e\000i\000f\000i\000c\000a\000t\000i\000o\000n\000\040\000o\000f\000\040\000M\000a\000n}{chapter.18}% 176
\BOOKMARK [1][-]{section.18.14}{\376\377\000T\000h\000e\000\040\000C\000o\000n\000s\000t\000i\000t\000u\000t\000i\000o\000n\000\040\000o\000f\000\040\000a\000\040\000T\000r\000a\000d\000i\000t\000i\000o\000n\000a\000l\000\040\000S\000o\000c\000i\000e\000t\000y\000:\000\040\000T\000h\000e\000\040\000C\000a\000p\000o}{chapter.18}% 177
\BOOKMARK [1][-]{section.18.15}{\376\377\000T\000h\000e\000\040\000E\000s\000t\000a\000b\000l\000i\000s\000h\000m\000e\000n\000t\000\040\000o\000f\000\040\000a\000\040\000T\000r\000a\000d\000i\000t\000i\000o\000n\000a\000l\000\040\000S\000o\000c\000i\000e\000t\000y\000:\000\040\000P\000r\000i\000e\000s\000t\000s}{chapter.18}% 178
\BOOKMARK [1][-]{section.18.16}{\376\377\000T\000h\000e\000\040\000C\000o\000n\000s\000t\000i\000t\000u\000t\000i\000o\000n\000\040\000o\000f\000\040\000a\000\040\000T\000r\000a\000d\000i\000t\000i\000o\000n\000a\000l\000\040\000S\000o\000c\000i\000e\000t\000y\000:\000\040\000W\000a\000r\000r\000i\000o\000r\000s}{chapter.18}% 179
\BOOKMARK [1][-]{section.18.17}{\376\377\000T\000h\000e\000\040\000E\000s\000t\000a\000b\000l\000i\000s\000h\000m\000e\000n\000t\000\040\000o\000f\000\040\000a\000\040\000T\000r\000a\000d\000i\000t\000i\000o\000n\000a\000l\000\040\000S\000o\000c\000i\000e\000t\000y\000:\000\040\000W\000o\000r\000k\000e\000r\000s}{chapter.18}% 180
\BOOKMARK [1][-]{section.18.18}{\376\377\000L\000o\000h\000e\000n\000g\000r\000i\000n}{chapter.18}% 181
\BOOKMARK [0][-]{chapter.19}{\376\377\000E\000x\000c\000e\000r\000p\000t\000s\000\040\000f\000r\000o\000m\000\040\000S\000i\000n\000t\000e\000s\000i\000\040\000d\000i\000\040\000d\000o\000t\000t\000r\000i\000n\000a\000\040\000d\000e\000l\000l\000a\000\040\000r\000a\000z\000z\000a}{}% 182
\BOOKMARK [1][-]{section.19.1}{\376\377\000G\000r\000e\000a\000t\000e\000r\000\040\000a\000n\000d\000\040\000L\000e\000s\000s\000e\000r\000\040\000B\000a\000t\000t\000l\000e}{chapter.19}% 183
\BOOKMARK [1][-]{section.19.2}{\376\377\000A\000g\000a\000i\000n\000s\000t\000\040\000t\000h\000e\000\040\000N\000e\000o\000p\000a\000g\000a\000n\000s}{chapter.19}% 184
\BOOKMARK [1][-]{section.19.3}{\376\377\000T\000h\000e\000\040\000M\000i\000s\000u\000n\000d\000e\000r\000s\000t\000a\000n\000d\000i\000n\000g\000\040\000o\000f\000\040\000P\000a\000g\000a\000n\000i\000s\000m}{chapter.19}% 185
\BOOKMARK [1][-]{section.19.4}{\376\377\000F\000u\000r\000t\000h\000e\000r\000\040\000M\000i\000s\000u\000n\000d\000e\000r\000s\000t\000a\000n\000d\000i\000n\000g\000s\000\040\000o\000f\000\040\000t\000h\000e\000\040\000P\000a\000g\000a\000n\000\040\000W\000o\000r\000l\000d\000v\000i\000e\000w}{chapter.19}% 186
\BOOKMARK [1][-]{section.19.5}{\376\377\000O\000b\000j\000e\000c\000t\000i\000v\000e\000\040\000a\000n\000d\000\040\000I\000m\000p\000e\000r\000s\000o\000n\000a\000l\000\040\000K\000n\000o\000w\000l\000e\000d\000g\000e}{chapter.19}% 187
\BOOKMARK [1][-]{section.19.6}{\376\377\000T\000h\000e\000\040\000M\000y\000s\000t\000e\000r\000y\000\040\000o\000f\000\040\000B\000i\000r\000t\000h}{chapter.19}% 188
\BOOKMARK [1][-]{section.19.7}{\376\377\000M\000e\000n\000\040\000o\000f\000\040\000D\000e\000s\000t\000i\000n\000y}{chapter.19}% 189
\BOOKMARK [1][-]{section.19.8}{\376\377\000T\000h\000e\000\040\000D\000e\000m\000o\000n\000i\000c\000\040\000E\000l\000e\000m\000e\000n\000t\000\040\000i\000n\000\040\000t\000h\000e\000\040\000A\000n\000t\000i\000-\000R\000a\000c\000e}{chapter.19}% 190
\BOOKMARK [1][-]{section.19.9}{\376\377\000T\000h\000e\000\040\000S\000o\000l\000a\000r\000\040\000a\000n\000d\000\040\000t\000h\000e\000\040\000D\000e\000m\000e\000t\000r\000i\000a\000n\000\040\000R\000a\000c\000e\000s}{chapter.19}% 191
\BOOKMARK [1][-]{section.19.10}{\376\377\000R\000a\000c\000e\000\040\000a\000n\000d\000\040\000D\000e\000a\000t\000h}{chapter.19}% 192
\BOOKMARK [1][-]{section.19.11}{\376\377\000T\000h\000e\000\040\000G\000r\000o\000u\000p\000\040\000o\000f\000\040\000A\000r\000y\000a\000n\000\040\000R\000a\000c\000e\000s}{chapter.19}% 193
\BOOKMARK [1][-]{section.19.12}{\376\377\000T\000h\000e\000\040\000S\000e\000x\000e\000s\000\040\000a\000n\000d\000\040\000R\000a\000c\000e}{chapter.19}% 194
\BOOKMARK [1][-]{section.19.13}{\376\377\000T\000h\000e\000\040\000M\000a\000s\000c\000u\000l\000i\000n\000e\000\040\000a\000n\000d\000\040\000F\000e\000m\000i\000n\000i\000n\000e\000\040\000R\000a\000c\000e\000s}{chapter.19}% 195
\BOOKMARK [1][-]{section.19.14}{\376\377\000R\000a\000c\000e\000\040\000o\000f\000\040\000t\000h\000e\000\040\000S\000o\000u\000l}{chapter.19}% 196
\BOOKMARK [1][-]{section.19.15}{\376\377\000O\000r\000i\000g\000i\000n\000\040\000o\000f\000\040\000t\000h\000e\000\040\000R\000a\000c\000e\000\040\000o\000f\000\040\000t\000h\000e\000\040\000S\000o\000u\000l}{chapter.19}% 197
\BOOKMARK [1][-]{section.19.16}{\376\377\000T\000h\000e\000\040\000E\000t\000e\000r\000n\000a\000l\000\040\000R\000a\000c\000e}{chapter.19}% 198
\BOOKMARK [1][-]{section.19.17}{\376\377\000F\000i\000r\000e\000\040\000a\000n\000d\000\040\000I\000c\000e\000:\000\040\000T\000h\000e\000\040\000S\000o\000l\000a\000r\000\040\000R\000a\000c\000e}{chapter.19}% 199
\BOOKMARK [1][-]{section.19.18}{\376\377\000S\000h\000a\000d\000o\000w\000s\000\040\000a\000n\000d\000\040\000R\000e\000f\000l\000e\000c\000t\000i\000o\000n\000s\000:\000\040\000T\000h\000e\000\040\000L\000u\000n\000a\000r\000\040\000R\000a\000c\000e}{chapter.19}% 200
\BOOKMARK [1][-]{section.19.19}{\376\377\000T\000h\000e\000\040\000D\000e\000m\000e\000t\000r\000i\000a\000n\000\040\000R\000a\000c\000e}{chapter.19}% 201
\BOOKMARK [1][-]{section.19.20}{\376\377\000I\000m\000p\000u\000l\000s\000e\000\040\000a\000n\000d\000\040\000I\000n\000s\000t\000i\000n\000c\000t\000:\000\040\000T\000h\000e\000\040\000E\000a\000r\000t\000h\000\040\000R\000a\000c\000e}{chapter.19}% 202
\BOOKMARK [1][-]{section.19.21}{\376\377\000T\000h\000e\000\040\000T\000e\000l\000l\000u\000r\000i\000c\000\040\000R\000a\000c\000e}{chapter.19}% 203
\BOOKMARK [1][-]{section.19.22}{\376\377\000C\000i\000v\000i\000l\000i\000z\000a\000t\000i\000o\000n\000s\000\040\000o\000f\000\040\000S\000p\000a\000c\000e\000\040\000a\000n\000d\000\040\000C\000i\000v\000i\000l\000i\000z\000a\000t\000i\000o\000n\000s\000\040\000o\000f\000\040\000T\000i\000m\000e}{chapter.19}% 204
\BOOKMARK [0][-]{chapter.20}{\376\377\000M\000e\000s\000\040\000i\000d\000\351\000e\000s\000\040\000p\000o\000l\000i\000t\000i\000q\000u\000e\000s\000,\000\040\000b\000y\000\040\000C\000h\000a\000r\000l\000e\000s\000\040\000M\000a\000u\000r\000r\000a\000s}{}% 205
\BOOKMARK [1][-]{section.20.1}{\376\377\000H\000i\000s\000\040\000P\000o\000l\000i\000t\000i\000c\000a\000l\000\040\000I\000d\000e\000a\000s}{chapter.20}% 206
\BOOKMARK [1][-]{section.20.2}{\376\377\000P\000r\000i\000n\000c\000i\000p\000l\000e\000\040\000I\000:\000\040\000T\000r\000u\000t\000h}{chapter.20}% 207
\BOOKMARK [1][-]{section.20.3}{\376\377\000P\000r\000i\000n\000c\000i\000p\000l\000e\000\040\000I\000I\000:\000\040\000F\000o\000r\000c\000e}{chapter.20}% 208
\BOOKMARK [1][-]{section.20.4}{\376\377\000P\000r\000i\000n\000c\000i\000p\000l\000e\000\040\000I\000I\000I\000:\000\040\000O\000r\000d\000e\000r}{chapter.20}% 209
\BOOKMARK [1][-]{section.20.5}{\376\377\000P\000r\000i\000n\000c\000i\000p\000l\000e\000\040\000I\000V\000:\000\040\000A\000u\000t\000h\000o\000r\000i\000t\000y}{chapter.20}% 210
\BOOKMARK [1][-]{section.20.6}{\376\377\000P\000r\000i\000n\000c\000i\000p\000l\000e\000\040\000V\000:\000\040\000F\000r\000e\000e\000d\000o\000m}{chapter.20}% 211
\BOOKMARK [1][-]{section.20.7}{\376\377\000P\000r\000i\000n\000c\000i\000p\000l\000e\000\040\000V\000I\000:\000\040\000R\000i\000g\000h\000t\000s\000\040\000a\000n\000d\000\040\000L\000a\000w\000s}{chapter.20}% 212
\BOOKMARK [1][-]{section.20.8}{\376\377\000P\000r\000i\000n\000c\000i\000p\000l\000e\000\040\000V\000I\000I\000:\000\040\000P\000r\000o\000p\000e\000r\000t\000y}{chapter.20}% 213
\BOOKMARK [1][-]{section.20.9}{\376\377\000P\000r\000i\000n\000c\000i\000p\000l\000e\000\040\000V\000I\000I\000I\000:\000\040\000H\000e\000r\000e\000d\000i\000t\000y}{chapter.20}% 214
\BOOKMARK [1][-]{section.20.10}{\376\377\000P\000r\000i\000n\000c\000i\000p\000l\000e\000\040\000I\000X\000:\000\040\000T\000h\000e\000\040\000D\000u\000t\000y\000\040\000o\000f\000\040\000H\000e\000r\000i\000t\000a\000g\000e}{chapter.20}% 215
\BOOKMARK [1][-]{section.20.11}{\376\377\000P\000r\000i\000n\000c\000i\000p\000l\000e\000\040\000X\000:\000\040\000T\000r\000a\000d\000i\000t\000i\000o\000n}{chapter.20}% 216
\BOOKMARK [0][-]{chapter.21}{\376\377\000S\000p\000a\000r\000s\000e\000\040\000n\000o\000t\000e\000s\000\040\000a\000n\000d\000\040\000M\000u\000s\000i\000n\000g\000s}{}% 217
\BOOKMARK [1][-]{section.21.1}{\376\377\000T\000h\000e\000r\000e\000\040\000i\000s\000\040\000n\000o\000\040\000m\000o\000r\000e\000\040\000V\000e\000n\000d\000e\000e}{chapter.21}% 218
\BOOKMARK [1][-]{section.21.2}{\376\377\000L\000i\000t\000t\000l\000e\000\040\000B\000i\000g\000\040\000L\000a\000s\000t\000\040\000M\000a\000n}{chapter.21}% 219
\BOOKMARK [1][-]{section.21.3}{\376\377\000H\000y\000p\000o\000c\000r\000i\000s\000y\000\040\000a\000n\000d\000\040\000A\000n\000g\000l\000o\000-\000S\000a\000x\000o\000n\000\040\000P\000o\000l\000i\000t\000i\000c\000s}{chapter.21}% 220
\BOOKMARK [1][-]{section.21.4}{\376\377\000N\000a\000t\000u\000r\000a\000l\000i\000s\000m\000\040\000a\000n\000d\000\040\000I\000n\000t\000e\000r\000w\000a\000r\000\040\000G\000e\000r\000m\000a\000n\000y}{chapter.21}% 221
\BOOKMARK [1][-]{section.21.5}{\376\377\000A\000r\000e\000\040\000Y\000o\000u\000\040\000a\000\040\000C\000o\000u\000n\000t\000e\000r\000r\000e\000v\000o\000l\000u\000t\000i\000o\000n\000a\000r\000y\000?}{chapter.21}% 222
\BOOKMARK [1][-]{section.21.6}{\376\377\000T\000h\000e\000\040\000O\000r\000d\000e\000r\000\040\000o\000f\000\040\000t\000h\000e\000\040\000I\000r\000o\000n\000\040\000C\000r\000o\000w\000n}{chapter.21}% 223
\BOOKMARK [1][-]{section.21.7}{\376\377\000T\000h\000e\000\040\000C\000i\000t\000y\000\040\000o\000f\000\040\000t\000h\000e\000\040\000S\000u\000n}{chapter.21}% 224
\BOOKMARK [1][-]{section.21.8}{\376\377\000C\000h\000a\000s\000t\000i\000s\000i\000n\000g\000\040\000t\000h\000e\000\040\000G\000e\000n\000e\000r\000a\000l}{chapter.21}% 225
\BOOKMARK [1][-]{section.21.9}{\376\377\000F\000e\000s\000t\000i\000v\000i\000t\000i\000e\000s\000\040\000i\000n\000\040\000t\000h\000e\000\040\000H\000o\000h\000e\000n\000s\000t\000a\000u\000f\000e\000n\000\040\000C\000o\000u\000r\000t}{chapter.21}% 226
\BOOKMARK [1][-]{section.21.10}{\376\377\000S\000a\000v\000a\000g\000e\000\040\000a\000n\000d\000\040\000N\000a\000k\000e\000d\000\040\000W\000e\000\040\000C\000o\000m\000e\000\040\000i\000n\000t\000o\000\040\000t\000h\000e\000\040\000W\000o\000r\000l\000d}{chapter.21}% 227
\BOOKMARK [1][-]{section.21.11}{\376\377\000A\000\040\000P\000e\000s\000t\000\040\000i\000n\000\040\000a\000\040\000S\000t\000r\000e\000e\000t\000\040\000f\000u\000l\000l\000\040\000o\000f\000\040\000M\000e\000n}{chapter.21}% 228
\BOOKMARK [1][-]{section.21.12}{\376\377\000T\000h\000e\000\040\000N\000e\000w\000\040\000D\000a\000w\000n}{chapter.21}% 229
\BOOKMARK [1][-]{section.21.13}{\376\377\0002\0000\0001\0006\000:\000\040\000O\000b\000a\000m\000a\000'\000s\000\040\000A\000m\000e\000r\000i\000c\000a}{chapter.21}% 230
\BOOKMARK [1][-]{section.21.14}{\376\377\000V\000o\000x\000\040\000P\000o\000p\000u\000l\000i}{chapter.21}% 231
\BOOKMARK [1][-]{section.21.15}{\376\377\000B\000r\000a\000i\000n\000w\000a\000s\000h\000i\000n\000g\000\040\000a\000n\000d\000\040\000a\000\040\000L\000i\000b\000e\000r\000a\000l\000\040\000E\000d\000u\000c\000a\000t\000i\000o\000n}{chapter.21}% 232
\BOOKMARK [1][-]{section.21.16}{\376\377\000G\000o\000d\000\040\000M\000a\000d\000e\000\040\000a\000\040\000S\000h\000u\000d\000r\000a}{chapter.21}% 233
\BOOKMARK [1][-]{section.21.17}{\376\377\000B\000e\000a\000u\000\040\000G\000e\000s\000t\000e\000\040\000a\000t\000\040\000N\000o\000t\000r\000e\000\040\000D\000a\000m\000e}{chapter.21}% 234
\BOOKMARK [1][-]{section.21.18}{\376\377\000T\000h\000e\000\040\000O\000p\000p\000o\000s\000i\000t\000e\000\040\000o\000f\000\040\000a\000\040\000F\000a\000c\000t}{chapter.21}% 235
\BOOKMARK [1][-]{section.21.19}{\376\377\000I\000d\000e\000n\000t\000i\000t\000y\000\040\000a\000n\000d\000\040\000S\000a\000m\000e\000n\000e\000s\000s}{chapter.21}% 236
\BOOKMARK [1][-]{section.21.20}{\376\377\000H\000o\000w\000\040\000N\000o\000t\000\040\000t\000o\000\040\000S\000a\000v\000e\000\040\000E\000u\000r\000o\000p\000e}{chapter.21}% 237
\BOOKMARK [1][-]{section.21.21}{\376\377\000W\000h\000i\000c\000h\000\040\000W\000a\000y\000,\000\040\000W\000e\000s\000t\000e\000r\000n\000\040\000C\000i\000v\000i\000l\000i\000z\000a\000t\000i\000o\000n}{chapter.21}% 238
\BOOKMARK [1][-]{section.21.22}{\376\377\000A\000\040\000P\000r\000i\000o\000r\000i\000\040\000a\000n\000d\000\040\000A\000b\000\040\000I\000n\000i\000t\000i\000o}{chapter.21}% 239
\BOOKMARK [1][-]{section.21.23}{\376\377\000S\000h\000i\000p\000\040\000o\000f\000\040\000S\000t\000a\000t\000e}{chapter.21}% 240
\BOOKMARK [1][-]{section.21.24}{\376\377\000M\000a\000y\000d\000a\000y\000,\000\040\000M\000a\000y\000d\000a\000y}{chapter.21}% 241
\BOOKMARK [1][-]{section.21.25}{\376\377\000S\000t\000a\000t\000e\000\040\000o\000f\000\040\000t\000h\000e\000\040\000M\000o\000d\000e\000r\000n\000\040\000W\000o\000r\000l\000d\000\040\000A\000d\000d\000r\000e\000s\000s}{chapter.21}% 242
\BOOKMARK [1][-]{section.21.26}{\376\377\000T\000h\000r\000i\000v\000i\000n\000g\000\040\000i\000n\000\040\000t\000h\000e\000\040\000E\000n\000d\000\040\000T\000i\000m\000e\000s}{chapter.21}% 243
\BOOKMARK [1][-]{section.21.27}{\376\377\000O\000d\000i\000n\000\040\000S\000i\000g\000h\000t\000i\000n\000g\000s\000\040\000i\000n\000\040\000E\000u\000r\000o\000p\000e}{chapter.21}% 244
\BOOKMARK [1][-]{section.21.28}{\376\377\000H\000i\000s\000t\000o\000r\000y\000\040\000o\000f\000\040\000C\000h\000r\000i\000s\000t\000e\000n\000d\000o\000m}{chapter.21}% 245
\BOOKMARK [1][-]{section.21.29}{\376\377\000P\000o\000l\000i\000t\000i\000c\000a\000l\000\040\000P\000l\000a\000t\000o\000n\000i\000s\000m}{chapter.21}% 246
\BOOKMARK [1][-]{section.21.30}{\376\377\000I\000n\000d\000e\000p\000e\000n\000d\000e\000n\000c\000e\000\040\000D\000a\000y}{chapter.21}% 247
\BOOKMARK [1][-]{section.21.31}{\376\377\000S\000e\000r\000o\000t\000o\000n\000i\000n\000\040\000a\000n\000d\000\040\000V\000a\000l\000u\000e\000s}{chapter.21}% 248
\BOOKMARK [1][-]{section.21.32}{\376\377\000C\000o\000m\000m\000u\000n\000i\000t\000y\000\040\000o\000f\000\040\000B\000l\000o\000o\000d\000\040\000v\000s\000\040\000I\000n\000d\000i\000v\000i\000d\000u\000a\000l\000i\000s\000m}{chapter.21}% 249
